<?xml version="1.0" encoding="ISO-8859-1" ?>
<link_info>
   <banner>MSP430 Linker PC v20.2.2.LTS</banner>
   <copyright>Copyright (c) 2003-2018 Texas Instruments Incorporated</copyright>
   <link_time>0x5f86d951</link_time>
   <link_errors>0x0</link_errors>
   <output_file>climbCar.out</output_file>
   <entry_point>
      <name>_c_int00_noargs</name>
      <address>0x6a3c</address>
   </entry_point>
   <input_file_list>
      <input_file id="fl-2">
         <path>.\</path>
         <kind>object</kind>
         <file>encoder.obj</file>
         <name>encoder.obj</name>
      </input_file>
      <input_file id="fl-3">
         <path>.\</path>
         <kind>object</kind>
         <file>main.obj</file>
         <name>main.obj</name>
      </input_file>
      <input_file id="fl-4">
         <path>.\</path>
         <kind>object</kind>
         <file>oled.obj</file>
         <name>oled.obj</name>
      </input_file>
      <input_file id="fl-9">
         <kind>object</kind>
         <file>&lt;internal&gt;</file>
         <name>&lt;internal&gt;</name>
      </input_file>
      <input_file id="fl-1f">
         <path>C:\ti\ccs1010\ccs\tools\compiler\ti-cgt-msp430_20.2.2.LTS\lib\</path>
         <kind>archive</kind>
         <file>rts430_eabi.lib</file>
         <name>e_pow.c.obj</name>
      </input_file>
      <input_file id="fl-20">
         <path>C:\ti\ccs1010\ccs\tools\compiler\ti-cgt-msp430_20.2.2.LTS\lib\</path>
         <kind>archive</kind>
         <file>rts430_eabi.lib</file>
         <name>e_sqrt.c.obj</name>
      </input_file>
      <input_file id="fl-21">
         <path>C:\ti\ccs1010\ccs\tools\compiler\ti-cgt-msp430_20.2.2.LTS\lib\</path>
         <kind>archive</kind>
         <file>rts430_eabi.lib</file>
         <name>s_scalbn.c.obj</name>
      </input_file>
      <input_file id="fl-22">
         <path>C:\ti\ccs1010\ccs\tools\compiler\ti-cgt-msp430_20.2.2.LTS\lib\</path>
         <kind>archive</kind>
         <file>rts430_eabi.lib</file>
         <name>asr16.asm.obj</name>
      </input_file>
      <input_file id="fl-23">
         <path>C:\ti\ccs1010\ccs\tools\compiler\ti-cgt-msp430_20.2.2.LTS\lib\</path>
         <kind>archive</kind>
         <file>rts430_eabi.lib</file>
         <name>asr32.asm.obj</name>
      </input_file>
      <input_file id="fl-24">
         <path>C:\ti\ccs1010\ccs\tools\compiler\ti-cgt-msp430_20.2.2.LTS\lib\</path>
         <kind>archive</kind>
         <file>rts430_eabi.lib</file>
         <name>div16s.asm.obj</name>
      </input_file>
      <input_file id="fl-25">
         <path>C:\ti\ccs1010\ccs\tools\compiler\ti-cgt-msp430_20.2.2.LTS\lib\</path>
         <kind>archive</kind>
         <file>rts430_eabi.lib</file>
         <name>div16u.asm.obj</name>
      </input_file>
      <input_file id="fl-26">
         <path>C:\ti\ccs1010\ccs\tools\compiler\ti-cgt-msp430_20.2.2.LTS\lib\</path>
         <kind>archive</kind>
         <file>rts430_eabi.lib</file>
         <name>epilog.asm.obj</name>
      </input_file>
      <input_file id="fl-27">
         <path>C:\ti\ccs1010\ccs\tools\compiler\ti-cgt-msp430_20.2.2.LTS\lib\</path>
         <kind>archive</kind>
         <file>rts430_eabi.lib</file>
         <name>fs_add.asm.obj</name>
      </input_file>
      <input_file id="fl-28">
         <path>C:\ti\ccs1010\ccs\tools\compiler\ti-cgt-msp430_20.2.2.LTS\lib\</path>
         <kind>archive</kind>
         <file>rts430_eabi.lib</file>
         <name>fs_cmp.asm.obj</name>
      </input_file>
      <input_file id="fl-29">
         <path>C:\ti\ccs1010\ccs\tools\compiler\ti-cgt-msp430_20.2.2.LTS\lib\</path>
         <kind>archive</kind>
         <file>rts430_eabi.lib</file>
         <name>fs_itof.asm.obj</name>
      </input_file>
      <input_file id="fl-2a">
         <path>C:\ti\ccs1010\ccs\tools\compiler\ti-cgt-msp430_20.2.2.LTS\lib\</path>
         <kind>archive</kind>
         <file>rts430_eabi.lib</file>
         <name>fs_mpy.asm.obj</name>
      </input_file>
      <input_file id="fl-2b">
         <path>C:\ti\ccs1010\ccs\tools\compiler\ti-cgt-msp430_20.2.2.LTS\lib\</path>
         <kind>archive</kind>
         <file>rts430_eabi.lib</file>
         <name>fs_neg.asm.obj</name>
      </input_file>
      <input_file id="fl-2c">
         <path>C:\ti\ccs1010\ccs\tools\compiler\ti-cgt-msp430_20.2.2.LTS\lib\</path>
         <kind>archive</kind>
         <file>rts430_eabi.lib</file>
         <name>fs_toi.asm.obj</name>
      </input_file>
      <input_file id="fl-2d">
         <path>C:\ti\ccs1010\ccs\tools\compiler\ti-cgt-msp430_20.2.2.LTS\lib\</path>
         <kind>archive</kind>
         <file>rts430_eabi.lib</file>
         <name>fs_tou.asm.obj</name>
      </input_file>
      <input_file id="fl-2e">
         <path>C:\ti\ccs1010\ccs\tools\compiler\ti-cgt-msp430_20.2.2.LTS\lib\</path>
         <kind>archive</kind>
         <file>rts430_eabi.lib</file>
         <name>int01.asm.obj</name>
      </input_file>
      <input_file id="fl-2f">
         <path>C:\ti\ccs1010\ccs\tools\compiler\ti-cgt-msp430_20.2.2.LTS\lib\</path>
         <kind>archive</kind>
         <file>rts430_eabi.lib</file>
         <name>int02.asm.obj</name>
      </input_file>
      <input_file id="fl-30">
         <path>C:\ti\ccs1010\ccs\tools\compiler\ti-cgt-msp430_20.2.2.LTS\lib\</path>
         <kind>archive</kind>
         <file>rts430_eabi.lib</file>
         <name>int03.asm.obj</name>
      </input_file>
      <input_file id="fl-31">
         <path>C:\ti\ccs1010\ccs\tools\compiler\ti-cgt-msp430_20.2.2.LTS\lib\</path>
         <kind>archive</kind>
         <file>rts430_eabi.lib</file>
         <name>int05.asm.obj</name>
      </input_file>
      <input_file id="fl-32">
         <path>C:\ti\ccs1010\ccs\tools\compiler\ti-cgt-msp430_20.2.2.LTS\lib\</path>
         <kind>archive</kind>
         <file>rts430_eabi.lib</file>
         <name>int07.asm.obj</name>
      </input_file>
      <input_file id="fl-33">
         <path>C:\ti\ccs1010\ccs\tools\compiler\ti-cgt-msp430_20.2.2.LTS\lib\</path>
         <kind>archive</kind>
         <file>rts430_eabi.lib</file>
         <name>int08.asm.obj</name>
      </input_file>
      <input_file id="fl-34">
         <path>C:\ti\ccs1010\ccs\tools\compiler\ti-cgt-msp430_20.2.2.LTS\lib\</path>
         <kind>archive</kind>
         <file>rts430_eabi.lib</file>
         <name>int10.asm.obj</name>
      </input_file>
      <input_file id="fl-35">
         <path>C:\ti\ccs1010\ccs\tools\compiler\ti-cgt-msp430_20.2.2.LTS\lib\</path>
         <kind>archive</kind>
         <file>rts430_eabi.lib</file>
         <name>int11.asm.obj</name>
      </input_file>
      <input_file id="fl-36">
         <path>C:\ti\ccs1010\ccs\tools\compiler\ti-cgt-msp430_20.2.2.LTS\lib\</path>
         <kind>archive</kind>
         <file>rts430_eabi.lib</file>
         <name>int12.asm.obj</name>
      </input_file>
      <input_file id="fl-37">
         <path>C:\ti\ccs1010\ccs\tools\compiler\ti-cgt-msp430_20.2.2.LTS\lib\</path>
         <kind>archive</kind>
         <file>rts430_eabi.lib</file>
         <name>int13.asm.obj</name>
      </input_file>
      <input_file id="fl-38">
         <path>C:\ti\ccs1010\ccs\tools\compiler\ti-cgt-msp430_20.2.2.LTS\lib\</path>
         <kind>archive</kind>
         <file>rts430_eabi.lib</file>
         <name>int14.asm.obj</name>
      </input_file>
      <input_file id="fl-39">
         <path>C:\ti\ccs1010\ccs\tools\compiler\ti-cgt-msp430_20.2.2.LTS\lib\</path>
         <kind>archive</kind>
         <file>rts430_eabi.lib</file>
         <name>isr_trap.asm.obj</name>
      </input_file>
      <input_file id="fl-3a">
         <path>C:\ti\ccs1010\ccs\tools\compiler\ti-cgt-msp430_20.2.2.LTS\lib\</path>
         <kind>archive</kind>
         <file>rts430_eabi.lib</file>
         <name>lsl16.asm.obj</name>
      </input_file>
      <input_file id="fl-3b">
         <path>C:\ti\ccs1010\ccs\tools\compiler\ti-cgt-msp430_20.2.2.LTS\lib\</path>
         <kind>archive</kind>
         <file>rts430_eabi.lib</file>
         <name>lsl32.asm.obj</name>
      </input_file>
      <input_file id="fl-3c">
         <path>C:\ti\ccs1010\ccs\tools\compiler\ti-cgt-msp430_20.2.2.LTS\lib\</path>
         <kind>archive</kind>
         <file>rts430_eabi.lib</file>
         <name>lsr16.asm.obj</name>
      </input_file>
      <input_file id="fl-3d">
         <path>C:\ti\ccs1010\ccs\tools\compiler\ti-cgt-msp430_20.2.2.LTS\lib\</path>
         <kind>archive</kind>
         <file>rts430_eabi.lib</file>
         <name>lsr32.asm.obj</name>
      </input_file>
      <input_file id="fl-3e">
         <path>C:\ti\ccs1010\ccs\tools\compiler\ti-cgt-msp430_20.2.2.LTS\lib\</path>
         <kind>archive</kind>
         <file>rts430_eabi.lib</file>
         <name>mult16.asm.obj</name>
      </input_file>
      <input_file id="fl-3f">
         <path>C:\ti\ccs1010\ccs\tools\compiler\ti-cgt-msp430_20.2.2.LTS\lib\</path>
         <kind>archive</kind>
         <file>rts430_eabi.lib</file>
         <name>mult16_hw.asm.obj</name>
      </input_file>
      <input_file id="fl-40">
         <path>C:\ti\ccs1010\ccs\tools\compiler\ti-cgt-msp430_20.2.2.LTS\lib\</path>
         <kind>archive</kind>
         <file>rts430_eabi.lib</file>
         <name>mult1632_hw.asm.obj</name>
      </input_file>
      <input_file id="fl-41">
         <path>C:\ti\ccs1010\ccs\tools\compiler\ti-cgt-msp430_20.2.2.LTS\lib\</path>
         <kind>archive</kind>
         <file>rts430_eabi.lib</file>
         <name>mult32_hw.asm.obj</name>
      </input_file>
      <input_file id="fl-42">
         <path>C:\ti\ccs1010\ccs\tools\compiler\ti-cgt-msp430_20.2.2.LTS\lib\</path>
         <kind>archive</kind>
         <file>rts430_eabi.lib</file>
         <name>mult3264_hw.asm.obj</name>
      </input_file>
      <input_file id="fl-43">
         <path>C:\ti\ccs1010\ccs\tools\compiler\ti-cgt-msp430_20.2.2.LTS\lib\</path>
         <kind>archive</kind>
         <file>rts430_eabi.lib</file>
         <name>mult64_hw.asm.obj</name>
      </input_file>
      <input_file id="fl-44">
         <path>C:\ti\ccs1010\ccs\tools\compiler\ti-cgt-msp430_20.2.2.LTS\lib\</path>
         <kind>archive</kind>
         <file>rts430_eabi.lib</file>
         <name>boot.c.obj</name>
      </input_file>
      <input_file id="fl-45">
         <path>C:\ti\ccs1010\ccs\tools\compiler\ti-cgt-msp430_20.2.2.LTS\lib\</path>
         <kind>archive</kind>
         <file>rts430_eabi.lib</file>
         <name>autoinit.c.obj</name>
      </input_file>
      <input_file id="fl-46">
         <path>C:\ti\ccs1010\ccs\tools\compiler\ti-cgt-msp430_20.2.2.LTS\lib\</path>
         <kind>archive</kind>
         <file>rts430_eabi.lib</file>
         <name>copy_zero_init.c.obj</name>
      </input_file>
      <input_file id="fl-47">
         <path>C:\ti\ccs1010\ccs\tools\compiler\ti-cgt-msp430_20.2.2.LTS\lib\</path>
         <kind>archive</kind>
         <file>rts430_eabi.lib</file>
         <name>cpy_tbl.c.obj</name>
      </input_file>
      <input_file id="fl-48">
         <path>C:\ti\ccs1010\ccs\tools\compiler\ti-cgt-msp430_20.2.2.LTS\lib\</path>
         <kind>archive</kind>
         <file>rts430_eabi.lib</file>
         <name>mpu_init.c.obj</name>
      </input_file>
      <input_file id="fl-49">
         <path>C:\ti\ccs1010\ccs\tools\compiler\ti-cgt-msp430_20.2.2.LTS\lib\</path>
         <kind>archive</kind>
         <file>rts430_eabi.lib</file>
         <name>lsr64.c.obj</name>
      </input_file>
      <input_file id="fl-4a">
         <path>C:\ti\ccs1010\ccs\tools\compiler\ti-cgt-msp430_20.2.2.LTS\lib\</path>
         <kind>archive</kind>
         <file>rts430_eabi.lib</file>
         <name>pre_init.c.obj</name>
      </input_file>
      <input_file id="fl-4b">
         <path>C:\ti\ccs1010\ccs\tools\compiler\ti-cgt-msp430_20.2.2.LTS\lib\</path>
         <kind>archive</kind>
         <file>rts430_eabi.lib</file>
         <name>startup.c.obj</name>
      </input_file>
      <input_file id="fl-4c">
         <path>C:\ti\ccs1010\ccs\tools\compiler\ti-cgt-msp430_20.2.2.LTS\lib\</path>
         <kind>archive</kind>
         <file>rts430_eabi.lib</file>
         <name>copy_decompress_none.c.obj</name>
      </input_file>
      <input_file id="fl-4d">
         <path>C:\ti\ccs1010\ccs\tools\compiler\ti-cgt-msp430_20.2.2.LTS\lib\</path>
         <kind>archive</kind>
         <file>rts430_eabi.lib</file>
         <name>copy_decompress_lzss.c.obj</name>
      </input_file>
      <input_file id="fl-4e">
         <path>C:\ti\ccs1010\ccs\tools\compiler\ti-cgt-msp430_20.2.2.LTS\lib\</path>
         <kind>archive</kind>
         <file>rts430_eabi.lib</file>
         <name>cvtdf.c.obj</name>
      </input_file>
      <input_file id="fl-4f">
         <path>C:\ti\ccs1010\ccs\tools\compiler\ti-cgt-msp430_20.2.2.LTS\lib\</path>
         <kind>archive</kind>
         <file>rts430_eabi.lib</file>
         <name>addd.c.obj</name>
      </input_file>
      <input_file id="fl-50">
         <path>C:\ti\ccs1010\ccs\tools\compiler\ti-cgt-msp430_20.2.2.LTS\lib\</path>
         <kind>archive</kind>
         <file>rts430_eabi.lib</file>
         <name>cmpd.c.obj</name>
      </input_file>
      <input_file id="fl-51">
         <path>C:\ti\ccs1010\ccs\tools\compiler\ti-cgt-msp430_20.2.2.LTS\lib\</path>
         <kind>archive</kind>
         <file>rts430_eabi.lib</file>
         <name>cvtfd.c.obj</name>
      </input_file>
      <input_file id="fl-52">
         <path>C:\ti\ccs1010\ccs\tools\compiler\ti-cgt-msp430_20.2.2.LTS\lib\</path>
         <kind>archive</kind>
         <file>rts430_eabi.lib</file>
         <name>divd.c.obj</name>
      </input_file>
      <input_file id="fl-53">
         <path>C:\ti\ccs1010\ccs\tools\compiler\ti-cgt-msp430_20.2.2.LTS\lib\</path>
         <kind>archive</kind>
         <file>rts430_eabi.lib</file>
         <name>fltlid.c.obj</name>
      </input_file>
      <input_file id="fl-54">
         <path>C:\ti\ccs1010\ccs\tools\compiler\ti-cgt-msp430_20.2.2.LTS\lib\</path>
         <kind>archive</kind>
         <file>rts430_eabi.lib</file>
         <name>frcaddd.c.obj</name>
      </input_file>
      <input_file id="fl-55">
         <path>C:\ti\ccs1010\ccs\tools\compiler\ti-cgt-msp430_20.2.2.LTS\lib\</path>
         <kind>archive</kind>
         <file>rts430_eabi.lib</file>
         <name>frcdivd.c.obj</name>
      </input_file>
      <input_file id="fl-56">
         <path>C:\ti\ccs1010\ccs\tools\compiler\ti-cgt-msp430_20.2.2.LTS\lib\</path>
         <kind>archive</kind>
         <file>rts430_eabi.lib</file>
         <name>mpyd.c.obj</name>
      </input_file>
      <input_file id="fl-57">
         <path>C:\ti\ccs1010\ccs\tools\compiler\ti-cgt-msp430_20.2.2.LTS\lib\</path>
         <kind>archive</kind>
         <file>rts430_eabi.lib</file>
         <name>negd.c.obj</name>
      </input_file>
      <input_file id="fl-58">
         <path>C:\ti\ccs1010\ccs\tools\compiler\ti-cgt-msp430_20.2.2.LTS\lib\</path>
         <kind>archive</kind>
         <file>rts430_eabi.lib</file>
         <name>renormd.c.obj</name>
      </input_file>
      <input_file id="fl-59">
         <path>C:\ti\ccs1010\ccs\tools\compiler\ti-cgt-msp430_20.2.2.LTS\lib\</path>
         <kind>archive</kind>
         <file>rts430_eabi.lib</file>
         <name>subd.c.obj</name>
      </input_file>
      <input_file id="fl-5a">
         <path>C:\ti\ccs1010\ccs\tools\compiler\ti-cgt-msp430_20.2.2.LTS\lib\</path>
         <kind>archive</kind>
         <file>rts430_eabi.lib</file>
         <name>exit.c.obj</name>
      </input_file>
      <input_file id="fl-5b">
         <path>C:\ti\ccs1010\ccs\tools\compiler\ti-cgt-msp430_20.2.2.LTS\lib\</path>
         <kind>archive</kind>
         <file>rts430_eabi.lib</file>
         <name>_lock.c.obj</name>
      </input_file>
      <input_file id="fl-5c">
         <path>C:\ti\ccs1010\ccs\tools\compiler\ti-cgt-msp430_20.2.2.LTS\lib\</path>
         <kind>archive</kind>
         <file>rts430_eabi.lib</file>
         <name>args_main.c.obj</name>
      </input_file>
      <input_file id="fl-5d">
         <path>C:\ti\ccs1010\ccs\tools\compiler\ti-cgt-msp430_20.2.2.LTS\lib\</path>
         <kind>archive</kind>
         <file>rts430_eabi.lib</file>
         <name>memcpy.c.obj</name>
      </input_file>
      <input_file id="fl-5e">
         <path>C:\ti\ccs1010\ccs\tools\compiler\ti-cgt-msp430_20.2.2.LTS\lib\</path>
         <kind>archive</kind>
         <file>rts430_eabi.lib</file>
         <name>abs.c.obj</name>
      </input_file>
      <input_file id="fl-5f">
         <path>C:\ti\ccs1010\ccs\tools\compiler\ti-cgt-msp430_20.2.2.LTS\lib\</path>
         <kind>archive</kind>
         <file>rts430_eabi.lib</file>
         <name>errno.c.obj</name>
      </input_file>
      <input_file id="fl-60">
         <path>C:\ti\ccs1010\ccs\tools\compiler\ti-cgt-msp430_20.2.2.LTS\lib\</path>
         <kind>archive</kind>
         <file>rts430_eabi.lib</file>
         <name>s_copysign.c.obj</name>
      </input_file>
      <input_file id="fl-61">
         <path>C:\ti\ccs1010\ccs\tools\compiler\ti-cgt-msp430_20.2.2.LTS\lib\</path>
         <kind>archive</kind>
         <file>rts430_eabi.lib</file>
         <name>mult32.asm.obj</name>
      </input_file>
      <input_file id="fl-62">
         <path>C:\ti\ccs1010\ccs\tools\compiler\ti-cgt-msp430_20.2.2.LTS\lib\</path>
         <kind>archive</kind>
         <file>rts430_eabi.lib</file>
         <name>exit_gvars.c.obj</name>
      </input_file>
      <input_file id="fl-63">
         <path>C:\ti\ccs1010\ccs\tools\compiler\ti-cgt-msp430_20.2.2.LTS\lib\</path>
         <kind>archive</kind>
         <file>rts430_eabi.lib</file>
         <name>frcmpyd.c.obj</name>
      </input_file>
   </input_file_list>
   <object_component_list>
      <object_component id="oc-1a6">
         <name>.common:currentKey</name>
         <uninitialized>true</uninitialized>
         <run_address>0x2b8</run_address>
         <size>0x1</size>
      </object_component>
      <object_component id="oc-1a3">
         <name>.common:irStats</name>
         <uninitialized>true</uninitialized>
         <run_address>0x2b9</run_address>
         <size>0x1</size>
      </object_component>
      <object_component id="oc-178">
         <name>.data</name>
         <load_address>0x200</load_address>
         <run_address>0x200</run_address>
         <size>0xb6</size>
         <input_file_ref idref="fl-3"/>
      </object_component>
      <object_component id="oc-2de">
         <name>.data</name>
         <load_address>0x2b6</load_address>
         <run_address>0x2b6</run_address>
         <size>0x2</size>
         <input_file_ref idref="fl-5f"/>
      </object_component>
      <object_component id="oc-d3">
         <name>.stack</name>
         <uninitialized>true</uninitialized>
         <run_address>0x9b0</run_address>
         <size>0x2</size>
         <input_file_ref idref="fl-44"/>
      </object_component>
      <object_component id="oc-445">
         <name>.stack</name>
         <uninitialized>true</uninitialized>
         <run_address>0x9b0</run_address>
         <size>0x0</size>
      </object_component>
      <object_component id="oc-109">
         <name>.text:Timer_A</name>
         <load_address>0x1100</load_address>
         <run_address>0x1100</run_address>
         <size>0x14c8</size>
         <input_file_ref idref="fl-3"/>
      </object_component>
      <object_component id="oc-201">
         <name>.text:pow</name>
         <load_address>0x25c8</load_address>
         <run_address>0x25c8</run_address>
         <size>0x1162</size>
         <input_file_ref idref="fl-1f"/>
      </object_component>
      <object_component id="oc-16b">
         <name>.text:stepCCW</name>
         <load_address>0x372a</load_address>
         <run_address>0x372a</run_address>
         <size>0x72a</size>
         <input_file_ref idref="fl-3"/>
      </object_component>
      <object_component id="oc-171">
         <name>.text:stepCW</name>
         <load_address>0x3e54</load_address>
         <run_address>0x3e54</run_address>
         <size>0x712</size>
         <input_file_ref idref="fl-3"/>
      </object_component>
      <object_component id="oc-2b6">
         <name>.text:__TI_frcdivd</name>
         <load_address>0x4566</load_address>
         <run_address>0x4566</run_address>
         <size>0x478</size>
         <input_file_ref idref="fl-55"/>
      </object_component>
      <object_component id="oc-207">
         <name>.text:__mspabi_addd</name>
         <load_address>0x49de</load_address>
         <run_address>0x49de</run_address>
         <size>0x2fa</size>
         <input_file_ref idref="fl-4f"/>
      </object_component>
      <object_component id="oc-2d2">
         <name>.text:sqrt</name>
         <load_address>0x4cd8</load_address>
         <run_address>0x4cd8</run_address>
         <size>0x2f8</size>
         <input_file_ref idref="fl-20"/>
      </object_component>
      <object_component id="oc-383">
         <name>.text:__TI_frcmpyd</name>
         <load_address>0x4fd0</load_address>
         <run_address>0x4fd0</run_address>
         <size>0x286</size>
         <input_file_ref idref="fl-63"/>
      </object_component>
      <object_component id="oc-2e1">
         <name>.text:__mspabi_mpyd</name>
         <load_address>0x5256</load_address>
         <run_address>0x5256</run_address>
         <size>0x26e</size>
         <input_file_ref idref="fl-56"/>
      </object_component>
      <object_component id="oc-30f">
         <name>.text:__TI_frcaddd</name>
         <load_address>0x54c4</load_address>
         <run_address>0x54c4</run_address>
         <size>0x260</size>
         <input_file_ref idref="fl-54"/>
      </object_component>
      <object_component id="oc-1d0">
         <name>.text:main</name>
         <load_address>0x5724</load_address>
         <run_address>0x5724</run_address>
         <size>0x242</size>
         <input_file_ref idref="fl-3"/>
      </object_component>
      <object_component id="oc-1fb">
         <name>.text:__mspabi_divd</name>
         <load_address>0x5966</load_address>
         <run_address>0x5966</run_address>
         <size>0x238</size>
         <input_file_ref idref="fl-52"/>
      </object_component>
      <object_component id="oc-302">
         <name>.text:scalbn</name>
         <load_address>0x5b9e</load_address>
         <run_address>0x5b9e</run_address>
         <size>0x16a</size>
         <input_file_ref idref="fl-21"/>
      </object_component>
      <object_component id="oc-1ac">
         <name>.text</name>
         <load_address>0x5d08</load_address>
         <run_address>0x5d08</run_address>
         <size>0x132</size>
         <input_file_ref idref="fl-27"/>
      </object_component>
      <object_component id="oc-259">
         <name>.text:OLED_Init</name>
         <load_address>0x5e3a</load_address>
         <run_address>0x5e3a</run_address>
         <size>0x10e</size>
         <input_file_ref idref="fl-4"/>
      </object_component>
      <object_component id="oc-2fc">
         <name>.text:__mspabi_cmpd</name>
         <load_address>0x5f48</load_address>
         <run_address>0x5f48</run_address>
         <size>0xdc</size>
         <input_file_ref idref="fl-50"/>
      </object_component>
      <object_component id="oc-199">
         <name>.text</name>
         <load_address>0x6024</load_address>
         <run_address>0x6024</run_address>
         <size>0xc4</size>
         <input_file_ref idref="fl-2a"/>
      </object_component>
      <object_component id="oc-3a9">
         <name>.text:__TI_renormd</name>
         <load_address>0x60e8</load_address>
         <run_address>0x60e8</run_address>
         <size>0xbe</size>
         <input_file_ref idref="fl-58"/>
      </object_component>
      <object_component id="oc-2f0">
         <name>.text:__mspabi_fltlid</name>
         <load_address>0x61a6</load_address>
         <run_address>0x61a6</run_address>
         <size>0xac</size>
         <input_file_ref idref="fl-53"/>
      </object_component>
      <object_component id="oc-228">
         <name>.text:OLED_ShowChar</name>
         <load_address>0x6252</load_address>
         <run_address>0x6252</run_address>
         <size>0x96</size>
         <input_file_ref idref="fl-4"/>
      </object_component>
      <object_component id="oc-180">
         <name>.text:OLED_ShowNum</name>
         <load_address>0x62e8</load_address>
         <run_address>0x62e8</run_address>
         <size>0x92</size>
         <input_file_ref idref="fl-4"/>
      </object_component>
      <object_component id="oc-20d">
         <name>.text:__mspabi_cvtdf</name>
         <load_address>0x637a</load_address>
         <run_address>0x637a</run_address>
         <size>0x8c</size>
         <input_file_ref idref="fl-4e"/>
      </object_component>
      <object_component id="oc-32">
         <name>.text:decompress:lzss:__TI_decompress_lzss</name>
         <load_address>0x6406</load_address>
         <run_address>0x6406</run_address>
         <size>0x7c</size>
         <input_file_ref idref="fl-4d"/>
      </object_component>
      <object_component id="oc-1f5">
         <name>.text:__mspabi_cvtfd</name>
         <load_address>0x6482</load_address>
         <run_address>0x6482</run_address>
         <size>0x70</size>
         <input_file_ref idref="fl-51"/>
      </object_component>
      <object_component id="oc-18c">
         <name>.text:OLED_ShowChinese</name>
         <load_address>0x64f2</load_address>
         <run_address>0x64f2</run_address>
         <size>0x68</size>
         <input_file_ref idref="fl-4"/>
      </object_component>
      <object_component id="oc-1bb">
         <name>.text</name>
         <load_address>0x655a</load_address>
         <run_address>0x655a</run_address>
         <size>0x68</size>
         <input_file_ref idref="fl-2c"/>
      </object_component>
      <object_component id="oc-36d">
         <name>.text:l_lsr_const</name>
         <load_address>0x65c2</load_address>
         <run_address>0x65c2</run_address>
         <size>0x5c</size>
         <input_file_ref idref="fl-3d"/>
      </object_component>
      <object_component id="oc-dc">
         <name>.text</name>
         <load_address>0x661e</load_address>
         <run_address>0x661e</run_address>
         <size>0x4c</size>
         <input_file_ref idref="fl-3c"/>
      </object_component>
      <object_component id="oc-1b1">
         <name>.text</name>
         <load_address>0x666a</load_address>
         <run_address>0x666a</run_address>
         <size>0x4a</size>
         <input_file_ref idref="fl-28"/>
      </object_component>
      <object_component id="oc-22f">
         <name>.text:OLED_WR_Byte</name>
         <load_address>0x66b4</load_address>
         <run_address>0x66b4</run_address>
         <size>0x46</size>
         <input_file_ref idref="fl-4"/>
      </object_component>
      <object_component id="oc-19e">
         <name>.text</name>
         <load_address>0x66fa</load_address>
         <run_address>0x66fa</run_address>
         <size>0x46</size>
         <input_file_ref idref="fl-2d"/>
      </object_component>
      <object_component id="oc-272">
         <name>.text:__TI_auto_init_nobinit_nopinit:__TI_auto_init_nobinit_nopinit</name>
         <load_address>0x6740</load_address>
         <run_address>0x6740</run_address>
         <size>0x42</size>
         <input_file_ref idref="fl-45"/>
      </object_component>
      <object_component id="oc-186">
         <name>.text:OLED_Clear</name>
         <load_address>0x6782</load_address>
         <run_address>0x6782</run_address>
         <size>0x40</size>
         <input_file_ref idref="fl-4"/>
      </object_component>
      <object_component id="oc-2aa">
         <name>.text:l_asr_const</name>
         <load_address>0x67c2</load_address>
         <run_address>0x67c2</run_address>
         <size>0x3e</size>
         <input_file_ref idref="fl-23"/>
      </object_component>
      <object_component id="oc-317">
         <name>.text:l_lsl_const</name>
         <load_address>0x6800</load_address>
         <run_address>0x6800</run_address>
         <size>0x3e</size>
         <input_file_ref idref="fl-3b"/>
      </object_component>
      <object_component id="oc-193">
         <name>.text:OLED_ShowString</name>
         <load_address>0x683e</load_address>
         <run_address>0x683e</run_address>
         <size>0x38</size>
         <input_file_ref idref="fl-4"/>
      </object_component>
      <object_component id="oc-1a7">
         <name>.text</name>
         <load_address>0x6876</load_address>
         <run_address>0x6876</run_address>
         <size>0x36</size>
         <input_file_ref idref="fl-29"/>
      </object_component>
      <object_component id="oc-103">
         <name>.text:Port_1</name>
         <load_address>0x68ac</load_address>
         <run_address>0x68ac</run_address>
         <size>0x2e</size>
         <input_file_ref idref="fl-2"/>
      </object_component>
      <object_component id="oc-2ea">
         <name>.text:__mspabi_subd</name>
         <load_address>0x68da</load_address>
         <run_address>0x68da</run_address>
         <size>0x2e</size>
         <input_file_ref idref="fl-59"/>
      </object_component>
      <object_component id="oc-395">
         <name>.text:copysign</name>
         <load_address>0x6908</load_address>
         <run_address>0x6908</run_address>
         <size>0x2e</size>
         <input_file_ref idref="fl-60"/>
      </object_component>
      <object_component id="oc-372">
         <name>.text</name>
         <load_address>0x6936</load_address>
         <run_address>0x6936</run_address>
         <size>0x2e</size>
         <input_file_ref idref="fl-41"/>
      </object_component>
      <object_component id="oc-2a5">
         <name>.text</name>
         <load_address>0x6964</load_address>
         <run_address>0x6964</run_address>
         <size>0x2c</size>
         <input_file_ref idref="fl-22"/>
      </object_component>
      <object_component id="oc-17b">
         <name>.text</name>
         <load_address>0x6990</load_address>
         <run_address>0x6990</run_address>
         <size>0x2c</size>
         <input_file_ref idref="fl-24"/>
      </object_component>
      <object_component id="oc-d7">
         <name>.text</name>
         <load_address>0x69bc</load_address>
         <run_address>0x69bc</run_address>
         <size>0x2c</size>
         <input_file_ref idref="fl-3a"/>
      </object_component>
      <object_component id="oc-236">
         <name>.text:OLED_Set_Pos</name>
         <load_address>0x69e8</load_address>
         <run_address>0x69e8</run_address>
         <size>0x2a</size>
         <input_file_ref idref="fl-4"/>
      </object_component>
      <object_component id="oc-2d8">
         <name>.text:__mspabi_negd</name>
         <load_address>0x6a12</load_address>
         <run_address>0x6a12</run_address>
         <size>0x2a</size>
         <input_file_ref idref="fl-57"/>
      </object_component>
      <object_component id="oc-127">
         <name>.text:_c_int00_noargs</name>
         <load_address>0x6a3c</load_address>
         <run_address>0x6a3c</run_address>
         <size>0x1c</size>
         <input_file_ref idref="fl-44"/>
      </object_component>
      <object_component id="oc-21d">
         <name>.text:oled_pow</name>
         <load_address>0x6a58</load_address>
         <run_address>0x6a58</run_address>
         <size>0x18</size>
         <input_file_ref idref="fl-4"/>
      </object_component>
      <object_component id="oc-253">
         <name>.text:encoderInit</name>
         <load_address>0x6a70</load_address>
         <run_address>0x6a70</run_address>
         <size>0x16</size>
         <input_file_ref idref="fl-2"/>
      </object_component>
      <object_component id="oc-217">
         <name>.text</name>
         <load_address>0x6a86</load_address>
         <run_address>0x6a86</run_address>
         <size>0x16</size>
         <input_file_ref idref="fl-25"/>
      </object_component>
      <object_component id="oc-115">
         <name>.text:decompress:ZI:__TI_zero_init_nomemset:__TI_zero_init_nomemset</name>
         <load_address>0x6a9c</load_address>
         <run_address>0x6a9c</run_address>
         <size>0x14</size>
         <input_file_ref idref="fl-46"/>
      </object_component>
      <object_component id="oc-223">
         <name>.text</name>
         <load_address>0x6ab0</load_address>
         <run_address>0x6ab0</run_address>
         <size>0x14</size>
         <input_file_ref idref="fl-3f"/>
      </object_component>
      <object_component id="oc-38">
         <name>.text:decompress:none:__TI_decompress_none</name>
         <load_address>0x6ac4</load_address>
         <run_address>0x6ac4</run_address>
         <size>0x12</size>
         <input_file_ref idref="fl-4c"/>
      </object_component>
      <object_component id="oc-2cd">
         <name>.text:l_lsr</name>
         <load_address>0x6ad6</load_address>
         <run_address>0x6ad6</run_address>
         <size>0x12</size>
         <input_file_ref idref="fl-3d"/>
      </object_component>
      <object_component id="oc-f1">
         <name>.text:memcpy</name>
         <load_address>0x6ae8</load_address>
         <run_address>0x6ae8</run_address>
         <size>0x12</size>
         <input_file_ref idref="fl-5d"/>
      </object_component>
      <object_component id="oc-2c3">
         <name>.text:l_asr</name>
         <load_address>0x6afa</load_address>
         <run_address>0x6afa</run_address>
         <size>0x10</size>
         <input_file_ref idref="fl-23"/>
      </object_component>
      <object_component id="oc-2c8">
         <name>.text:l_lsl</name>
         <load_address>0x6b0a</load_address>
         <run_address>0x6b0a</run_address>
         <size>0x10</size>
         <input_file_ref idref="fl-3b"/>
      </object_component>
      <object_component id="oc-e1">
         <name>.text</name>
         <load_address>0x6b1a</load_address>
         <run_address>0x6b1a</run_address>
         <size>0x10</size>
         <input_file_ref idref="fl-26"/>
      </object_component>
      <object_component id="oc-25f">
         <name>.text:abs</name>
         <load_address>0x6b2a</load_address>
         <run_address>0x6b2a</run_address>
         <size>0xa</size>
         <input_file_ref idref="fl-5e"/>
      </object_component>
      <object_component id="oc-1b6">
         <name>.text</name>
         <load_address>0x6b34</load_address>
         <run_address>0x6b34</run_address>
         <size>0xa</size>
         <input_file_ref idref="fl-2b"/>
      </object_component>
      <object_component id="oc-fe">
         <name>.text:_isr:__TI_ISR_TRAP</name>
         <load_address>0x6b3e</load_address>
         <run_address>0x6b3e</run_address>
         <size>0x8</size>
         <input_file_ref idref="fl-39"/>
      </object_component>
      <object_component id="oc-10f">
         <name>.text:UART0_RXISR</name>
         <load_address>0x6b46</load_address>
         <run_address>0x6b46</run_address>
         <size>0x6</size>
         <input_file_ref idref="fl-3"/>
      </object_component>
      <object_component id="oc-266">
         <name>.text:abort</name>
         <load_address>0x6b4c</load_address>
         <run_address>0x6b4c</run_address>
         <size>0x6</size>
         <input_file_ref idref="fl-5a"/>
      </object_component>
      <object_component id="oc-1ca">
         <name>.text:_system_pre_init</name>
         <load_address>0x6b52</load_address>
         <run_address>0x6b52</run_address>
         <size>0x4</size>
         <input_file_ref idref="fl-4a"/>
      </object_component>
      <object_component id="oc-348">
         <name>.text:_system_post_cinit</name>
         <load_address>0x6b56</load_address>
         <run_address>0x6b56</run_address>
         <size>0x2</size>
         <input_file_ref idref="fl-4b"/>
      </object_component>
      <object_component id="oc-444">
         <name>.cinit..data.load</name>
         <load_address>0x76a0</load_address>
         <run_address>0x76a0</run_address>
         <size>0x57</size>
      </object_component>
      <object_component id="oc-441">
         <name>__TI_handler_table</name>
         <load_address>0x76f8</load_address>
         <run_address>0x76f8</run_address>
         <size>0x6</size>
      </object_component>
      <object_component id="oc-443">
         <name>.cinit..bss.load</name>
         <load_address>0x76fe</load_address>
         <run_address>0x76fe</run_address>
         <size>0x4</size>
      </object_component>
      <object_component id="oc-442">
         <name>__TI_cinit_table</name>
         <load_address>0x7702</load_address>
         <run_address>0x7702</run_address>
         <size>0x8</size>
      </object_component>
      <object_component id="oc-324">
         <name>.const:.string:F8X16</name>
         <load_address>0x6b58</load_address>
         <run_address>0x6b58</run_address>
         <size>0x5f0</size>
         <input_file_ref idref="fl-4"/>
      </object_component>
      <object_component id="oc-23c">
         <name>.const:Hzk</name>
         <load_address>0x7148</load_address>
         <run_address>0x7148</run_address>
         <size>0x2c0</size>
         <input_file_ref idref="fl-4"/>
      </object_component>
      <object_component id="oc-321">
         <name>.const:.string:F6x8</name>
         <load_address>0x7408</load_address>
         <run_address>0x7408</run_address>
         <size>0x228</size>
         <input_file_ref idref="fl-4"/>
      </object_component>
      <object_component id="oc-192">
         <name>.const:.string</name>
         <load_address>0x7630</load_address>
         <run_address>0x7630</run_address>
         <size>0x40</size>
         <input_file_ref idref="fl-3"/>
      </object_component>
      <object_component id="oc-2e7">
         <name>.const:bp</name>
         <load_address>0x7670</load_address>
         <run_address>0x7670</run_address>
         <size>0x10</size>
         <input_file_ref idref="fl-1f"/>
      </object_component>
      <object_component id="oc-2f6">
         <name>.const:dp_h</name>
         <load_address>0x7680</load_address>
         <run_address>0x7680</run_address>
         <size>0x10</size>
         <input_file_ref idref="fl-1f"/>
      </object_component>
      <object_component id="oc-2f9">
         <name>.const:dp_l</name>
         <load_address>0x7690</load_address>
         <run_address>0x7690</run_address>
         <size>0x10</size>
         <input_file_ref idref="fl-1f"/>
      </object_component>
      <object_component id="oc-406">
         <name>.binit</name>
         <load_address>0x1100</load_address>
         <run_address>0x1100</run_address>
         <size>0x0</size>
      </object_component>
      <object_component id="oc-3e">
         <name>.int01</name>
         <load_address>0xffe2</load_address>
         <run_address>0xffe2</run_address>
         <size>0x2</size>
         <input_file_ref idref="fl-2e"/>
      </object_component>
      <object_component id="oc-3f">
         <name>.int02</name>
         <load_address>0xffe4</load_address>
         <run_address>0xffe4</run_address>
         <size>0x2</size>
         <input_file_ref idref="fl-2f"/>
      </object_component>
      <object_component id="oc-40">
         <name>.int03</name>
         <load_address>0xffe6</load_address>
         <run_address>0xffe6</run_address>
         <size>0x2</size>
         <input_file_ref idref="fl-30"/>
      </object_component>
      <object_component id="oc-41">
         <name>.int04</name>
         <load_address>0xffe8</load_address>
         <run_address>0xffe8</run_address>
         <size>0x2</size>
         <input_file_ref idref="fl-2"/>
      </object_component>
      <object_component id="oc-42">
         <name>.int05</name>
         <load_address>0xffea</load_address>
         <run_address>0xffea</run_address>
         <size>0x2</size>
         <input_file_ref idref="fl-31"/>
      </object_component>
      <object_component id="oc-43">
         <name>.int06</name>
         <load_address>0xffec</load_address>
         <run_address>0xffec</run_address>
         <size>0x2</size>
         <input_file_ref idref="fl-3"/>
      </object_component>
      <object_component id="oc-44">
         <name>.int07</name>
         <load_address>0xffee</load_address>
         <run_address>0xffee</run_address>
         <size>0x2</size>
         <input_file_ref idref="fl-32"/>
      </object_component>
      <object_component id="oc-45">
         <name>.int08</name>
         <load_address>0xfff0</load_address>
         <run_address>0xfff0</run_address>
         <size>0x2</size>
         <input_file_ref idref="fl-33"/>
      </object_component>
      <object_component id="oc-46">
         <name>.int09</name>
         <load_address>0xfff2</load_address>
         <run_address>0xfff2</run_address>
         <size>0x2</size>
         <input_file_ref idref="fl-3"/>
      </object_component>
      <object_component id="oc-47">
         <name>.int10</name>
         <load_address>0xfff4</load_address>
         <run_address>0xfff4</run_address>
         <size>0x2</size>
         <input_file_ref idref="fl-34"/>
      </object_component>
      <object_component id="oc-48">
         <name>.int11</name>
         <load_address>0xfff6</load_address>
         <run_address>0xfff6</run_address>
         <size>0x2</size>
         <input_file_ref idref="fl-35"/>
      </object_component>
      <object_component id="oc-49">
         <name>.int12</name>
         <load_address>0xfff8</load_address>
         <run_address>0xfff8</run_address>
         <size>0x2</size>
         <input_file_ref idref="fl-36"/>
      </object_component>
      <object_component id="oc-4a">
         <name>.int13</name>
         <load_address>0xfffa</load_address>
         <run_address>0xfffa</run_address>
         <size>0x2</size>
         <input_file_ref idref="fl-37"/>
      </object_component>
      <object_component id="oc-4b">
         <name>.int14</name>
         <load_address>0xfffc</load_address>
         <run_address>0xfffc</run_address>
         <size>0x2</size>
         <input_file_ref idref="fl-38"/>
      </object_component>
      <object_component id="oc-d6">
         <name>.reset</name>
         <load_address>0xfffe</load_address>
         <run_address>0xfffe</run_address>
         <size>0x2</size>
         <input_file_ref idref="fl-44"/>
      </object_component>
      <object_component id="oc-254">
         <name>.debug_info</name>
         <load_address>0x0</load_address>
         <run_address>0x0</run_address>
         <size>0x104</size>
         <input_file_ref idref="fl-2"/>
      </object_component>
      <object_component id="oc-104">
         <name>.debug_info</name>
         <load_address>0x104</load_address>
         <run_address>0x104</run_address>
         <size>0x116</size>
         <input_file_ref idref="fl-2"/>
      </object_component>
      <object_component id="oc-ec">
         <name>.debug_info</name>
         <load_address>0x21a</load_address>
         <run_address>0x21a</run_address>
         <size>0x84</size>
         <input_file_ref idref="fl-2"/>
      </object_component>
      <object_component id="oc-1a4">
         <name>.debug_info</name>
         <load_address>0x29e</load_address>
         <run_address>0x29e</run_address>
         <size>0x5a5</size>
         <input_file_ref idref="fl-3"/>
      </object_component>
      <object_component id="oc-179">
         <name>.debug_info</name>
         <load_address>0x843</load_address>
         <run_address>0x843</run_address>
         <size>0x656</size>
         <input_file_ref idref="fl-3"/>
      </object_component>
      <object_component id="oc-172">
         <name>.debug_info</name>
         <load_address>0xe99</load_address>
         <run_address>0xe99</run_address>
         <size>0x7e4</size>
         <input_file_ref idref="fl-3"/>
      </object_component>
      <object_component id="oc-16c">
         <name>.debug_info</name>
         <load_address>0x167d</load_address>
         <run_address>0x167d</run_address>
         <size>0x7e6</size>
         <input_file_ref idref="fl-3"/>
      </object_component>
      <object_component id="oc-1d1">
         <name>.debug_info</name>
         <load_address>0x1e63</load_address>
         <run_address>0x1e63</run_address>
         <size>0x349</size>
         <input_file_ref idref="fl-3"/>
      </object_component>
      <object_component id="oc-110">
         <name>.debug_info</name>
         <load_address>0x21ac</load_address>
         <run_address>0x21ac</run_address>
         <size>0xfc</size>
         <input_file_ref idref="fl-3"/>
      </object_component>
      <object_component id="oc-10b">
         <name>.debug_info</name>
         <load_address>0x22a8</load_address>
         <run_address>0x22a8</run_address>
         <size>0x1537</size>
         <input_file_ref idref="fl-3"/>
      </object_component>
      <object_component id="oc-246">
         <name>.debug_info</name>
         <load_address>0x37df</load_address>
         <run_address>0x37df</run_address>
         <size>0x26b</size>
         <input_file_ref idref="fl-3"/>
      </object_component>
      <object_component id="oc-32e">
         <name>.debug_info</name>
         <load_address>0x3a4a</load_address>
         <run_address>0x3a4a</run_address>
         <size>0x282</size>
         <input_file_ref idref="fl-3"/>
      </object_component>
      <object_component id="oc-241">
         <name>.debug_info</name>
         <load_address>0x3ccc</load_address>
         <run_address>0x3ccc</run_address>
         <size>0x1b0</size>
         <input_file_ref idref="fl-4"/>
      </object_component>
      <object_component id="oc-322">
         <name>.debug_info</name>
         <load_address>0x3e7c</load_address>
         <run_address>0x3e7c</run_address>
         <size>0xc3</size>
         <input_file_ref idref="fl-4"/>
      </object_component>
      <object_component id="oc-325">
         <name>.debug_info</name>
         <load_address>0x3f3f</load_address>
         <run_address>0x3f3f</run_address>
         <size>0xc5</size>
         <input_file_ref idref="fl-4"/>
      </object_component>
      <object_component id="oc-23d">
         <name>.debug_info</name>
         <load_address>0x4004</load_address>
         <run_address>0x4004</run_address>
         <size>0xc1</size>
         <input_file_ref idref="fl-4"/>
      </object_component>
      <object_component id="oc-21e">
         <name>.debug_info</name>
         <load_address>0x40c5</load_address>
         <run_address>0x40c5</run_address>
         <size>0x14e</size>
         <input_file_ref idref="fl-4"/>
      </object_component>
      <object_component id="oc-231">
         <name>.debug_info</name>
         <load_address>0x4213</load_address>
         <run_address>0x4213</run_address>
         <size>0x144</size>
         <input_file_ref idref="fl-4"/>
      </object_component>
      <object_component id="oc-238">
         <name>.debug_info</name>
         <load_address>0x4357</load_address>
         <run_address>0x4357</run_address>
         <size>0x178</size>
         <input_file_ref idref="fl-4"/>
      </object_component>
      <object_component id="oc-22a">
         <name>.debug_info</name>
         <load_address>0x44cf</load_address>
         <run_address>0x44cf</run_address>
         <size>0x238</size>
         <input_file_ref idref="fl-4"/>
      </object_component>
      <object_component id="oc-196">
         <name>.debug_info</name>
         <load_address>0x4707</load_address>
         <run_address>0x4707</run_address>
         <size>0x1a2</size>
         <input_file_ref idref="fl-4"/>
      </object_component>
      <object_component id="oc-181">
         <name>.debug_info</name>
         <load_address>0x48a9</load_address>
         <run_address>0x48a9</run_address>
         <size>0x254</size>
         <input_file_ref idref="fl-4"/>
      </object_component>
      <object_component id="oc-18e">
         <name>.debug_info</name>
         <load_address>0x4afd</load_address>
         <run_address>0x4afd</run_address>
         <size>0x1ce</size>
         <input_file_ref idref="fl-4"/>
      </object_component>
      <object_component id="oc-187">
         <name>.debug_info</name>
         <load_address>0x4ccb</load_address>
         <run_address>0x4ccb</run_address>
         <size>0x15b</size>
         <input_file_ref idref="fl-4"/>
      </object_component>
      <object_component id="oc-25b">
         <name>.debug_info</name>
         <load_address>0x4e26</load_address>
         <run_address>0x4e26</run_address>
         <size>0x32f</size>
         <input_file_ref idref="fl-4"/>
      </object_component>
      <object_component id="oc-30e">
         <name>.debug_info</name>
         <load_address>0x5155</load_address>
         <run_address>0x5155</run_address>
         <size>0x1d1</size>
         <input_file_ref idref="fl-1f"/>
      </object_component>
      <object_component id="oc-2e8">
         <name>.debug_info</name>
         <load_address>0x5326</load_address>
         <run_address>0x5326</run_address>
         <size>0xf8</size>
         <input_file_ref idref="fl-1f"/>
      </object_component>
      <object_component id="oc-2f7">
         <name>.debug_info</name>
         <load_address>0x541e</load_address>
         <run_address>0x541e</run_address>
         <size>0xfc</size>
         <input_file_ref idref="fl-1f"/>
      </object_component>
      <object_component id="oc-2fa">
         <name>.debug_info</name>
         <load_address>0x551a</load_address>
         <run_address>0x551a</run_address>
         <size>0xfc</size>
         <input_file_ref idref="fl-1f"/>
      </object_component>
      <object_component id="oc-202">
         <name>.debug_info</name>
         <load_address>0x5616</load_address>
         <run_address>0x5616</run_address>
         <size>0x116b</size>
         <input_file_ref idref="fl-1f"/>
      </object_component>
      <object_component id="oc-3a2">
         <name>.debug_info</name>
         <load_address>0x6781</load_address>
         <run_address>0x6781</run_address>
         <size>0x46</size>
         <input_file_ref idref="fl-1f"/>
      </object_component>
      <object_component id="oc-309">
         <name>.debug_info</name>
         <load_address>0x67c7</load_address>
         <run_address>0x67c7</run_address>
         <size>0x39</size>
         <input_file_ref idref="fl-1f"/>
      </object_component>
      <object_component id="oc-37f">
         <name>.debug_info</name>
         <load_address>0x6800</load_address>
         <run_address>0x6800</run_address>
         <size>0x17d</size>
         <input_file_ref idref="fl-20"/>
      </object_component>
      <object_component id="oc-2d6">
         <name>.debug_info</name>
         <load_address>0x697d</load_address>
         <run_address>0x697d</run_address>
         <size>0x31e</size>
         <input_file_ref idref="fl-20"/>
      </object_component>
      <object_component id="oc-39c">
         <name>.debug_info</name>
         <load_address>0x6c9b</load_address>
         <run_address>0x6c9b</run_address>
         <size>0x1b0</size>
         <input_file_ref idref="fl-21"/>
      </object_component>
      <object_component id="oc-303">
         <name>.debug_info</name>
         <load_address>0x6e4b</load_address>
         <run_address>0x6e4b</run_address>
         <size>0x23b</size>
         <input_file_ref idref="fl-21"/>
      </object_component>
      <object_component id="oc-39d">
         <name>.debug_info</name>
         <load_address>0x7086</load_address>
         <run_address>0x7086</run_address>
         <size>0x2c</size>
         <input_file_ref idref="fl-21"/>
      </object_component>
      <object_component id="oc-2a8">
         <name>.debug_info</name>
         <load_address>0x70b2</load_address>
         <run_address>0x70b2</run_address>
         <size>0x120</size>
         <input_file_ref idref="fl-22"/>
      </object_component>
      <object_component id="oc-2c4">
         <name>.debug_info</name>
         <load_address>0x71d2</load_address>
         <run_address>0x71d2</run_address>
         <size>0x120</size>
         <input_file_ref idref="fl-23"/>
      </object_component>
      <object_component id="oc-2ac">
         <name>.debug_info</name>
         <load_address>0x72f2</load_address>
         <run_address>0x72f2</run_address>
         <size>0x126</size>
         <input_file_ref idref="fl-23"/>
      </object_component>
      <object_component id="oc-17e">
         <name>.debug_info</name>
         <load_address>0x7418</load_address>
         <run_address>0x7418</run_address>
         <size>0x135</size>
         <input_file_ref idref="fl-24"/>
      </object_component>
      <object_component id="oc-219">
         <name>.debug_info</name>
         <load_address>0x754d</load_address>
         <run_address>0x754d</run_address>
         <size>0x121</size>
         <input_file_ref idref="fl-25"/>
      </object_component>
      <object_component id="oc-e4">
         <name>.debug_info</name>
         <load_address>0x766e</load_address>
         <run_address>0x766e</run_address>
         <size>0x12e</size>
         <input_file_ref idref="fl-26"/>
      </object_component>
      <object_component id="oc-1ad">
         <name>.debug_info</name>
         <load_address>0x779c</load_address>
         <run_address>0x779c</run_address>
         <size>0x121</size>
         <input_file_ref idref="fl-27"/>
      </object_component>
      <object_component id="oc-1b4">
         <name>.debug_info</name>
         <load_address>0x78bd</load_address>
         <run_address>0x78bd</run_address>
         <size>0x12d</size>
         <input_file_ref idref="fl-28"/>
      </object_component>
      <object_component id="oc-1a9">
         <name>.debug_info</name>
         <load_address>0x79ea</load_address>
         <run_address>0x79ea</run_address>
         <size>0x12a</size>
         <input_file_ref idref="fl-29"/>
      </object_component>
      <object_component id="oc-19a">
         <name>.debug_info</name>
         <load_address>0x7b14</load_address>
         <run_address>0x7b14</run_address>
         <size>0x121</size>
         <input_file_ref idref="fl-2a"/>
      </object_component>
      <object_component id="oc-1b8">
         <name>.debug_info</name>
         <load_address>0x7c35</load_address>
         <run_address>0x7c35</run_address>
         <size>0x121</size>
         <input_file_ref idref="fl-2b"/>
      </object_component>
      <object_component id="oc-1bc">
         <name>.debug_info</name>
         <load_address>0x7d56</load_address>
         <run_address>0x7d56</run_address>
         <size>0x135</size>
         <input_file_ref idref="fl-2c"/>
      </object_component>
      <object_component id="oc-1a1">
         <name>.debug_info</name>
         <load_address>0x7e8b</load_address>
         <run_address>0x7e8b</run_address>
         <size>0x12f</size>
         <input_file_ref idref="fl-2d"/>
      </object_component>
      <object_component id="oc-ff">
         <name>.debug_info</name>
         <load_address>0x7fba</load_address>
         <run_address>0x7fba</run_address>
         <size>0x10f</size>
         <input_file_ref idref="fl-39"/>
      </object_component>
      <object_component id="oc-d9">
         <name>.debug_info</name>
         <load_address>0x80c9</load_address>
         <run_address>0x80c9</run_address>
         <size>0x120</size>
         <input_file_ref idref="fl-3a"/>
      </object_component>
      <object_component id="oc-2cb">
         <name>.debug_info</name>
         <load_address>0x81e9</load_address>
         <run_address>0x81e9</run_address>
         <size>0x120</size>
         <input_file_ref idref="fl-3b"/>
      </object_component>
      <object_component id="oc-318">
         <name>.debug_info</name>
         <load_address>0x8309</load_address>
         <run_address>0x8309</run_address>
         <size>0x126</size>
         <input_file_ref idref="fl-3b"/>
      </object_component>
      <object_component id="oc-dd">
         <name>.debug_info</name>
         <load_address>0x842f</load_address>
         <run_address>0x842f</run_address>
         <size>0x120</size>
         <input_file_ref idref="fl-3c"/>
      </object_component>
      <object_component id="oc-2ce">
         <name>.debug_info</name>
         <load_address>0x854f</load_address>
         <run_address>0x854f</run_address>
         <size>0x120</size>
         <input_file_ref idref="fl-3d"/>
      </object_component>
      <object_component id="oc-36f">
         <name>.debug_info</name>
         <load_address>0x866f</load_address>
         <run_address>0x866f</run_address>
         <size>0x126</size>
         <input_file_ref idref="fl-3d"/>
      </object_component>
      <object_component id="oc-225">
         <name>.debug_info</name>
         <load_address>0x8795</load_address>
         <run_address>0x8795</run_address>
         <size>0x11f</size>
         <input_file_ref idref="fl-3f"/>
      </object_component>
      <object_component id="oc-373">
         <name>.debug_info</name>
         <load_address>0x88b4</load_address>
         <run_address>0x88b4</run_address>
         <size>0x11f</size>
         <input_file_ref idref="fl-41"/>
      </object_component>
      <object_component id="oc-d4">
         <name>.debug_info</name>
         <load_address>0x89d3</load_address>
         <run_address>0x89d3</run_address>
         <size>0x100</size>
         <input_file_ref idref="fl-44"/>
      </object_component>
      <object_component id="oc-129">
         <name>.debug_info</name>
         <load_address>0x8ad3</load_address>
         <run_address>0x8ad3</run_address>
         <size>0x17a</size>
         <input_file_ref idref="fl-44"/>
      </object_component>
      <object_component id="oc-34f">
         <name>.debug_info</name>
         <load_address>0x8c4d</load_address>
         <run_address>0x8c4d</run_address>
         <size>0x3de</size>
         <input_file_ref idref="fl-45"/>
      </object_component>
      <object_component id="oc-274">
         <name>.debug_info</name>
         <load_address>0x902b</load_address>
         <run_address>0x902b</run_address>
         <size>0x1e0</size>
         <input_file_ref idref="fl-45"/>
      </object_component>
      <object_component id="oc-3d1">
         <name>.debug_info</name>
         <load_address>0x920b</load_address>
         <run_address>0x920b</run_address>
         <size>0x39</size>
         <input_file_ref idref="fl-45"/>
      </object_component>
      <object_component id="oc-3dd">
         <name>.debug_info</name>
         <load_address>0x9244</load_address>
         <run_address>0x9244</run_address>
         <size>0x2c</size>
         <input_file_ref idref="fl-45"/>
      </object_component>
      <object_component id="oc-35a">
         <name>.debug_info</name>
         <load_address>0x9270</load_address>
         <run_address>0x9270</run_address>
         <size>0x2c</size>
         <input_file_ref idref="fl-45"/>
      </object_component>
      <object_component id="oc-3d6">
         <name>.debug_info</name>
         <load_address>0x929c</load_address>
         <run_address>0x929c</run_address>
         <size>0xcd</size>
         <input_file_ref idref="fl-45"/>
      </object_component>
      <object_component id="oc-1c8">
         <name>.debug_info</name>
         <load_address>0x9369</load_address>
         <run_address>0x9369</run_address>
         <size>0x175</size>
         <input_file_ref idref="fl-46"/>
      </object_component>
      <object_component id="oc-118">
         <name>.debug_info</name>
         <load_address>0x94de</load_address>
         <run_address>0x94de</run_address>
         <size>0x1d2</size>
         <input_file_ref idref="fl-46"/>
      </object_component>
      <object_component id="oc-1c3">
         <name>.debug_info</name>
         <load_address>0x96b0</load_address>
         <run_address>0x96b0</run_address>
         <size>0x46</size>
         <input_file_ref idref="fl-46"/>
      </object_component>
      <object_component id="oc-15e">
         <name>.debug_info</name>
         <load_address>0x96f6</load_address>
         <run_address>0x96f6</run_address>
         <size>0x2c</size>
         <input_file_ref idref="fl-46"/>
      </object_component>
      <object_component id="oc-1cc">
         <name>.debug_info</name>
         <load_address>0x9722</load_address>
         <run_address>0x9722</run_address>
         <size>0x153</size>
         <input_file_ref idref="fl-4a"/>
      </object_component>
      <object_component id="oc-34b">
         <name>.debug_info</name>
         <load_address>0x9875</load_address>
         <run_address>0x9875</run_address>
         <size>0x150</size>
         <input_file_ref idref="fl-4b"/>
      </object_component>
      <object_component id="oc-fd">
         <name>.debug_info</name>
         <load_address>0x99c5</load_address>
         <run_address>0x99c5</run_address>
         <size>0x180</size>
         <input_file_ref idref="fl-4c"/>
      </object_component>
      <object_component id="oc-39">
         <name>.debug_info</name>
         <load_address>0x9b45</load_address>
         <run_address>0x9b45</run_address>
         <size>0x1ea</size>
         <input_file_ref idref="fl-4c"/>
      </object_component>
      <object_component id="oc-f8">
         <name>.debug_info</name>
         <load_address>0x9d2f</load_address>
         <run_address>0x9d2f</run_address>
         <size>0x46</size>
         <input_file_ref idref="fl-4c"/>
      </object_component>
      <object_component id="oc-163">
         <name>.debug_info</name>
         <load_address>0x9d75</load_address>
         <run_address>0x9d75</run_address>
         <size>0x2c</size>
         <input_file_ref idref="fl-4c"/>
      </object_component>
      <object_component id="oc-15b">
         <name>.debug_info</name>
         <load_address>0x9da1</load_address>
         <run_address>0x9da1</run_address>
         <size>0x176</size>
         <input_file_ref idref="fl-4d"/>
      </object_component>
      <object_component id="oc-34">
         <name>.debug_info</name>
         <load_address>0x9f17</load_address>
         <run_address>0x9f17</run_address>
         <size>0x292</size>
         <input_file_ref idref="fl-4d"/>
      </object_component>
      <object_component id="oc-e7">
         <name>.debug_info</name>
         <load_address>0xa1a9</load_address>
         <run_address>0xa1a9</run_address>
         <size>0x60</size>
         <input_file_ref idref="fl-4d"/>
      </object_component>
      <object_component id="oc-1ec">
         <name>.debug_info</name>
         <load_address>0xa209</load_address>
         <run_address>0xa209</run_address>
         <size>0x46</size>
         <input_file_ref idref="fl-4d"/>
      </object_component>
      <object_component id="oc-156">
         <name>.debug_info</name>
         <load_address>0xa24f</load_address>
         <run_address>0xa24f</run_address>
         <size>0x39</size>
         <input_file_ref idref="fl-4d"/>
      </object_component>
      <object_component id="oc-31d">
         <name>.debug_info</name>
         <load_address>0xa288</load_address>
         <run_address>0xa288</run_address>
         <size>0x165</size>
         <input_file_ref idref="fl-4e"/>
      </object_component>
      <object_component id="oc-20e">
         <name>.debug_info</name>
         <load_address>0xa3ed</load_address>
         <run_address>0xa3ed</run_address>
         <size>0x1d8</size>
         <input_file_ref idref="fl-4e"/>
      </object_component>
      <object_component id="oc-2b1">
         <name>.debug_info</name>
         <load_address>0xa5c5</load_address>
         <run_address>0xa5c5</run_address>
         <size>0xdb</size>
         <input_file_ref idref="fl-4e"/>
      </object_component>
      <object_component id="oc-316">
         <name>.debug_info</name>
         <load_address>0xa6a0</load_address>
         <run_address>0xa6a0</run_address>
         <size>0x1a7</size>
         <input_file_ref idref="fl-4f"/>
      </object_component>
      <object_component id="oc-208">
         <name>.debug_info</name>
         <load_address>0xa847</load_address>
         <run_address>0xa847</run_address>
         <size>0x257</size>
         <input_file_ref idref="fl-4f"/>
      </object_component>
      <object_component id="oc-2bd">
         <name>.debug_info</name>
         <load_address>0xaa9e</load_address>
         <run_address>0xaa9e</run_address>
         <size>0x94</size>
         <input_file_ref idref="fl-4f"/>
      </object_component>
      <object_component id="oc-2fd">
         <name>.debug_info</name>
         <load_address>0xab32</load_address>
         <run_address>0xab32</run_address>
         <size>0x1af</size>
         <input_file_ref idref="fl-50"/>
      </object_component>
      <object_component id="oc-2b0">
         <name>.debug_info</name>
         <load_address>0xace1</load_address>
         <run_address>0xace1</run_address>
         <size>0x165</size>
         <input_file_ref idref="fl-51"/>
      </object_component>
      <object_component id="oc-1f6">
         <name>.debug_info</name>
         <load_address>0xae46</load_address>
         <run_address>0xae46</run_address>
         <size>0x1d4</size>
         <input_file_ref idref="fl-51"/>
      </object_component>
      <object_component id="oc-2c2">
         <name>.debug_info</name>
         <load_address>0xb01a</load_address>
         <run_address>0xb01a</run_address>
         <size>0x1a2</size>
         <input_file_ref idref="fl-52"/>
      </object_component>
      <object_component id="oc-1fc">
         <name>.debug_info</name>
         <load_address>0xb1bc</load_address>
         <run_address>0xb1bc</run_address>
         <size>0x28a</size>
         <input_file_ref idref="fl-52"/>
      </object_component>
      <object_component id="oc-38f">
         <name>.debug_info</name>
         <load_address>0xb446</load_address>
         <run_address>0xb446</run_address>
         <size>0x16b</size>
         <input_file_ref idref="fl-53"/>
      </object_component>
      <object_component id="oc-2f1">
         <name>.debug_info</name>
         <load_address>0xb5b1</load_address>
         <run_address>0xb5b1</run_address>
         <size>0x21b</size>
         <input_file_ref idref="fl-53"/>
      </object_component>
      <object_component id="oc-3b0">
         <name>.debug_info</name>
         <load_address>0xb7cc</load_address>
         <run_address>0xb7cc</run_address>
         <size>0x1a0</size>
         <input_file_ref idref="fl-54"/>
      </object_component>
      <object_component id="oc-310">
         <name>.debug_info</name>
         <load_address>0xb96c</load_address>
         <run_address>0xb96c</run_address>
         <size>0x329</size>
         <input_file_ref idref="fl-54"/>
      </object_component>
      <object_component id="oc-378">
         <name>.debug_info</name>
         <load_address>0xbc95</load_address>
         <run_address>0xbc95</run_address>
         <size>0x172</size>
         <input_file_ref idref="fl-55"/>
      </object_component>
      <object_component id="oc-2b7">
         <name>.debug_info</name>
         <load_address>0xbe07</load_address>
         <run_address>0xbe07</run_address>
         <size>0x5cf</size>
         <input_file_ref idref="fl-55"/>
      </object_component>
      <object_component id="oc-38a">
         <name>.debug_info</name>
         <load_address>0xc3d6</load_address>
         <run_address>0xc3d6</run_address>
         <size>0x1a2</size>
         <input_file_ref idref="fl-56"/>
      </object_component>
      <object_component id="oc-2e2">
         <name>.debug_info</name>
         <load_address>0xc578</load_address>
         <run_address>0xc578</run_address>
         <size>0x2e0</size>
         <input_file_ref idref="fl-56"/>
      </object_component>
      <object_component id="oc-2d9">
         <name>.debug_info</name>
         <load_address>0xc858</load_address>
         <run_address>0xc858</run_address>
         <size>0x158</size>
         <input_file_ref idref="fl-57"/>
      </object_component>
      <object_component id="oc-3f2">
         <name>.debug_info</name>
         <load_address>0xc9b0</load_address>
         <run_address>0xc9b0</run_address>
         <size>0x172</size>
         <input_file_ref idref="fl-58"/>
      </object_component>
      <object_component id="oc-3aa">
         <name>.debug_info</name>
         <load_address>0xcb22</load_address>
         <run_address>0xcb22</run_address>
         <size>0x1f9</size>
         <input_file_ref idref="fl-58"/>
      </object_component>
      <object_component id="oc-2ee">
         <name>.debug_info</name>
         <load_address>0xcd1b</load_address>
         <run_address>0xcd1b</run_address>
         <size>0x18d</size>
         <input_file_ref idref="fl-59"/>
      </object_component>
      <object_component id="oc-267">
         <name>.debug_info</name>
         <load_address>0xcea8</load_address>
         <run_address>0xcea8</run_address>
         <size>0x122</size>
         <input_file_ref idref="fl-5a"/>
      </object_component>
      <object_component id="oc-15d">
         <name>.debug_info</name>
         <load_address>0xcfca</load_address>
         <run_address>0xcfca</run_address>
         <size>0x181</size>
         <input_file_ref idref="fl-5d"/>
      </object_component>
      <object_component id="oc-f5">
         <name>.debug_info</name>
         <load_address>0xd14b</load_address>
         <run_address>0xd14b</run_address>
         <size>0x17a</size>
         <input_file_ref idref="fl-5d"/>
      </object_component>
      <object_component id="oc-261">
         <name>.debug_info</name>
         <load_address>0xd2c5</load_address>
         <run_address>0xd2c5</run_address>
         <size>0x140</size>
         <input_file_ref idref="fl-5e"/>
      </object_component>
      <object_component id="oc-2df">
         <name>.debug_info</name>
         <load_address>0xd405</load_address>
         <run_address>0xd405</run_address>
         <size>0xfe</size>
         <input_file_ref idref="fl-5f"/>
      </object_component>
      <object_component id="oc-397">
         <name>.debug_info</name>
         <load_address>0xd503</load_address>
         <run_address>0xd503</run_address>
         <size>0x160</size>
         <input_file_ref idref="fl-60"/>
      </object_component>
      <object_component id="oc-3e9">
         <name>.debug_info</name>
         <load_address>0xd663</load_address>
         <run_address>0xd663</run_address>
         <size>0x172</size>
         <input_file_ref idref="fl-63"/>
      </object_component>
      <object_component id="oc-384">
         <name>.debug_info</name>
         <load_address>0xd7d5</load_address>
         <run_address>0xd7d5</run_address>
         <size>0x3ab</size>
         <input_file_ref idref="fl-63"/>
      </object_component>
      <object_component id="oc-446">
         <name>.debug_info</name>
         <load_address>0xdb80</load_address>
         <run_address>0xdb80</run_address>
         <size>0x9a</size>
      </object_component>
      <object_component id="oc-257">
         <name>.debug_line</name>
         <load_address>0x0</load_address>
         <run_address>0x0</run_address>
         <size>0x46</size>
         <input_file_ref idref="fl-2"/>
      </object_component>
      <object_component id="oc-107">
         <name>.debug_line</name>
         <load_address>0x46</load_address>
         <run_address>0x46</run_address>
         <size>0x4a</size>
         <input_file_ref idref="fl-2"/>
      </object_component>
      <object_component id="oc-ef">
         <name>.debug_line</name>
         <load_address>0x90</load_address>
         <run_address>0x90</run_address>
         <size>0x20</size>
         <input_file_ref idref="fl-2"/>
      </object_component>
      <object_component id="oc-245">
         <name>.debug_line</name>
         <load_address>0xb0</load_address>
         <run_address>0xb0</run_address>
         <size>0xf3</size>
         <input_file_ref idref="fl-3"/>
      </object_component>
      <object_component id="oc-216">
         <name>.debug_line</name>
         <load_address>0x1a3</load_address>
         <run_address>0x1a3</run_address>
         <size>0x2d</size>
         <input_file_ref idref="fl-3"/>
      </object_component>
      <object_component id="oc-175">
         <name>.debug_line</name>
         <load_address>0x1d0</load_address>
         <run_address>0x1d0</run_address>
         <size>0x162</size>
         <input_file_ref idref="fl-3"/>
      </object_component>
      <object_component id="oc-16f">
         <name>.debug_line</name>
         <load_address>0x332</load_address>
         <run_address>0x332</run_address>
         <size>0x162</size>
         <input_file_ref idref="fl-3"/>
      </object_component>
      <object_component id="oc-1d4">
         <name>.debug_line</name>
         <load_address>0x494</load_address>
         <run_address>0x494</run_address>
         <size>0x8e</size>
         <input_file_ref idref="fl-3"/>
      </object_component>
      <object_component id="oc-113">
         <name>.debug_line</name>
         <load_address>0x522</load_address>
         <run_address>0x522</run_address>
         <size>0x40</size>
         <input_file_ref idref="fl-3"/>
      </object_component>
      <object_component id="oc-10a">
         <name>.debug_line</name>
         <load_address>0x562</load_address>
         <run_address>0x562</run_address>
         <size>0x2e5</size>
         <input_file_ref idref="fl-3"/>
      </object_component>
      <object_component id="oc-249">
         <name>.debug_line</name>
         <load_address>0x847</load_address>
         <run_address>0x847</run_address>
         <size>0x72</size>
         <input_file_ref idref="fl-3"/>
      </object_component>
      <object_component id="oc-331">
         <name>.debug_line</name>
         <load_address>0x8b9</load_address>
         <run_address>0x8b9</run_address>
         <size>0x76</size>
         <input_file_ref idref="fl-3"/>
      </object_component>
      <object_component id="oc-32d">
         <name>.debug_line</name>
         <load_address>0x92f</load_address>
         <run_address>0x92f</run_address>
         <size>0x5a</size>
         <input_file_ref idref="fl-4"/>
      </object_component>
      <object_component id="oc-3b7">
         <name>.debug_line</name>
         <load_address>0x989</load_address>
         <run_address>0x989</run_address>
         <size>0x31</size>
         <input_file_ref idref="fl-4"/>
      </object_component>
      <object_component id="oc-3b9">
         <name>.debug_line</name>
         <load_address>0x9ba</load_address>
         <run_address>0x9ba</run_address>
         <size>0x31</size>
         <input_file_ref idref="fl-4"/>
      </object_component>
      <object_component id="oc-32b">
         <name>.debug_line</name>
         <load_address>0x9eb</load_address>
         <run_address>0x9eb</run_address>
         <size>0x31</size>
         <input_file_ref idref="fl-4"/>
      </object_component>
      <object_component id="oc-221">
         <name>.debug_line</name>
         <load_address>0xa1c</load_address>
         <run_address>0xa1c</run_address>
         <size>0x4d</size>
         <input_file_ref idref="fl-4"/>
      </object_component>
      <object_component id="oc-230">
         <name>.debug_line</name>
         <load_address>0xa69</load_address>
         <run_address>0xa69</run_address>
         <size>0x5d</size>
         <input_file_ref idref="fl-4"/>
      </object_component>
      <object_component id="oc-237">
         <name>.debug_line</name>
         <load_address>0xac6</load_address>
         <run_address>0xac6</run_address>
         <size>0x44</size>
         <input_file_ref idref="fl-4"/>
      </object_component>
      <object_component id="oc-22d">
         <name>.debug_line</name>
         <load_address>0xb0a</load_address>
         <run_address>0xb0a</run_address>
         <size>0x70</size>
         <input_file_ref idref="fl-4"/>
      </object_component>
      <object_component id="oc-194">
         <name>.debug_line</name>
         <load_address>0xb7a</load_address>
         <run_address>0xb7a</run_address>
         <size>0x4e</size>
         <input_file_ref idref="fl-4"/>
      </object_component>
      <object_component id="oc-184">
         <name>.debug_line</name>
         <load_address>0xbc8</load_address>
         <run_address>0xbc8</run_address>
         <size>0x65</size>
         <input_file_ref idref="fl-4"/>
      </object_component>
      <object_component id="oc-191">
         <name>.debug_line</name>
         <load_address>0xc2d</load_address>
         <run_address>0xc2d</run_address>
         <size>0x58</size>
         <input_file_ref idref="fl-4"/>
      </object_component>
      <object_component id="oc-18a">
         <name>.debug_line</name>
         <load_address>0xc85</load_address>
         <run_address>0xc85</run_address>
         <size>0x54</size>
         <input_file_ref idref="fl-4"/>
      </object_component>
      <object_component id="oc-25a">
         <name>.debug_line</name>
         <load_address>0xcd9</load_address>
         <run_address>0xcd9</run_address>
         <size>0x6a</size>
         <input_file_ref idref="fl-4"/>
      </object_component>
      <object_component id="oc-3a8">
         <name>.debug_line</name>
         <load_address>0xd43</load_address>
         <run_address>0xd43</run_address>
         <size>0x9b</size>
         <input_file_ref idref="fl-1f"/>
      </object_component>
      <object_component id="oc-38c">
         <name>.debug_line</name>
         <load_address>0xdde</load_address>
         <run_address>0xdde</run_address>
         <size>0x2b</size>
         <input_file_ref idref="fl-1f"/>
      </object_component>
      <object_component id="oc-391">
         <name>.debug_line</name>
         <load_address>0xe09</load_address>
         <run_address>0xe09</run_address>
         <size>0x2b</size>
         <input_file_ref idref="fl-1f"/>
      </object_component>
      <object_component id="oc-393">
         <name>.debug_line</name>
         <load_address>0xe34</load_address>
         <run_address>0xe34</run_address>
         <size>0x2b</size>
         <input_file_ref idref="fl-1f"/>
      </object_component>
      <object_component id="oc-205">
         <name>.debug_line</name>
         <load_address>0xe5f</load_address>
         <run_address>0xe5f</run_address>
         <size>0x217</size>
         <input_file_ref idref="fl-1f"/>
      </object_component>
      <object_component id="oc-3a5">
         <name>.debug_line</name>
         <load_address>0x1076</load_address>
         <run_address>0x1076</run_address>
         <size>0x9a</size>
         <input_file_ref idref="fl-1f"/>
      </object_component>
      <object_component id="oc-30c">
         <name>.debug_line</name>
         <load_address>0x1110</load_address>
         <run_address>0x1110</run_address>
         <size>0x97</size>
         <input_file_ref idref="fl-1f"/>
      </object_component>
      <object_component id="oc-3e7">
         <name>.debug_line</name>
         <load_address>0x11a7</load_address>
         <run_address>0x11a7</run_address>
         <size>0x91</size>
         <input_file_ref idref="fl-20"/>
      </object_component>
      <object_component id="oc-2d4">
         <name>.debug_line</name>
         <load_address>0x1238</load_address>
         <run_address>0x1238</run_address>
         <size>0x116</size>
         <input_file_ref idref="fl-20"/>
      </object_component>
      <object_component id="oc-3f0">
         <name>.debug_line</name>
         <load_address>0x134e</load_address>
         <run_address>0x134e</run_address>
         <size>0x9b</size>
         <input_file_ref idref="fl-21"/>
      </object_component>
      <object_component id="oc-306">
[...]
      </symbol>
      <symbol id="sm-360">
         <name>__mspabi_divi</name>
         <value>0x6990</value>
         <object_component_ref idref="oc-17b"/>
      </symbol>
      <symbol id="sm-36a">
         <name>__mspabi_remu</name>
         <value>0x6a86</value>
         <object_component_ref idref="oc-217"/>
      </symbol>
      <symbol id="sm-36b">
         <name>__mspabi_divu</name>
         <value>0x6a86</value>
         <object_component_ref idref="oc-217"/>
      </symbol>
      <symbol id="sm-374">
         <name>__mspabi_func_epilog_2</name>
         <value>0x6b24</value>
         <object_component_ref idref="oc-e1"/>
      </symbol>
      <symbol id="sm-375">
         <name>__mspabi_func_epilog_3</name>
         <value>0x6b22</value>
         <object_component_ref idref="oc-e1"/>
      </symbol>
      <symbol id="sm-376">
         <name>__mspabi_func_epilog_1</name>
         <value>0x6b26</value>
         <object_component_ref idref="oc-e1"/>
      </symbol>
      <symbol id="sm-377">
         <name>__mspabi_func_epilog_6</name>
         <value>0x6b1c</value>
         <object_component_ref idref="oc-e1"/>
      </symbol>
      <symbol id="sm-378">
         <name>__mspabi_func_epilog_7</name>
         <value>0x6b1a</value>
         <object_component_ref idref="oc-e1"/>
      </symbol>
      <symbol id="sm-379">
         <name>__mspabi_func_epilog_4</name>
         <value>0x6b20</value>
         <object_component_ref idref="oc-e1"/>
      </symbol>
      <symbol id="sm-37a">
         <name>__mspabi_func_epilog_5</name>
         <value>0x6b1e</value>
         <object_component_ref idref="oc-e1"/>
      </symbol>
      <symbol id="sm-395">
         <name>__mspabi_subf</name>
         <value>0x5d08</value>
         <object_component_ref idref="oc-1ac"/>
      </symbol>
      <symbol id="sm-396">
         <name>__mspabi_addf</name>
         <value>0x5d0e</value>
         <object_component_ref idref="oc-1ac"/>
      </symbol>
      <symbol id="sm-3a6">
         <name>__mspabi_cmpf</name>
         <value>0x666a</value>
         <object_component_ref idref="oc-1b1"/>
      </symbol>
      <symbol id="sm-3b3">
         <name>__mspabi_fltif</name>
         <value>0x6876</value>
         <object_component_ref idref="oc-1a7"/>
      </symbol>
      <symbol id="sm-3ca">
         <name>__mspabi_mpyf</name>
         <value>0x6024</value>
         <object_component_ref idref="oc-199"/>
      </symbol>
      <symbol id="sm-3d3">
         <name>__mspabi_negf</name>
         <value>0x6b34</value>
         <object_component_ref idref="oc-1b6"/>
      </symbol>
      <symbol id="sm-3e5">
         <name>__mspabi_fixfi</name>
         <value>0x655a</value>
         <object_component_ref idref="oc-1bb"/>
      </symbol>
      <symbol id="sm-3f4">
         <name>__mspabi_fixfu</name>
         <value>0x66fa</value>
         <object_component_ref idref="oc-19e"/>
      </symbol>
      <symbol id="sm-3f7">
         <name>__TI_int01</name>
         <value>0xffe2</value>
         <object_component_ref idref="oc-3e"/>
      </symbol>
      <symbol id="sm-3fa">
         <name>__TI_int02</name>
         <value>0xffe4</value>
         <object_component_ref idref="oc-3f"/>
      </symbol>
      <symbol id="sm-3fd">
         <name>__TI_int03</name>
         <value>0xffe6</value>
         <object_component_ref idref="oc-40"/>
      </symbol>
      <symbol id="sm-400">
         <name>__TI_int05</name>
         <value>0xffea</value>
         <object_component_ref idref="oc-42"/>
      </symbol>
      <symbol id="sm-403">
         <name>__TI_int07</name>
         <value>0xffee</value>
         <object_component_ref idref="oc-44"/>
      </symbol>
      <symbol id="sm-406">
         <name>__TI_int08</name>
         <value>0xfff0</value>
         <object_component_ref idref="oc-45"/>
      </symbol>
      <symbol id="sm-409">
         <name>__TI_int10</name>
         <value>0xfff4</value>
         <object_component_ref idref="oc-47"/>
      </symbol>
      <symbol id="sm-40c">
         <name>__TI_int11</name>
         <value>0xfff6</value>
         <object_component_ref idref="oc-48"/>
      </symbol>
      <symbol id="sm-40f">
         <name>__TI_int12</name>
         <value>0xfff8</value>
         <object_component_ref idref="oc-49"/>
      </symbol>
      <symbol id="sm-412">
         <name>__TI_int13</name>
         <value>0xfffa</value>
         <object_component_ref idref="oc-4a"/>
      </symbol>
      <symbol id="sm-415">
         <name>__TI_int14</name>
         <value>0xfffc</value>
         <object_component_ref idref="oc-4b"/>
      </symbol>
      <symbol id="sm-41d">
         <name>__TI_ISR_TRAP</name>
         <value>0x6b3e</value>
         <object_component_ref idref="oc-fe"/>
      </symbol>
      <symbol id="sm-425">
         <name>__mspabi_slli</name>
         <value>0x69bc</value>
         <object_component_ref idref="oc-d7"/>
      </symbol>
      <symbol id="sm-426">
         <name>__mspabi_slli_9</name>
         <value>0x69d4</value>
         <object_component_ref idref="oc-d7"/>
      </symbol>
      <symbol id="sm-427">
         <name>__mspabi_slli_8</name>
         <value>0x69d6</value>
         <object_component_ref idref="oc-d7"/>
      </symbol>
      <symbol id="sm-428">
         <name>__mspabi_slli_7</name>
         <value>0x69d8</value>
         <object_component_ref idref="oc-d7"/>
      </symbol>
      <symbol id="sm-429">
         <name>__mspabi_slli_6</name>
         <value>0x69da</value>
         <object_component_ref idref="oc-d7"/>
      </symbol>
      <symbol id="sm-42a">
         <name>__mspabi_slli_5</name>
         <value>0x69dc</value>
         <object_component_ref idref="oc-d7"/>
      </symbol>
      <symbol id="sm-42b">
         <name>__mspabi_slli_4</name>
         <value>0x69de</value>
         <object_component_ref idref="oc-d7"/>
      </symbol>
      <symbol id="sm-42c">
         <name>__mspabi_slli_3</name>
         <value>0x69e0</value>
         <object_component_ref idref="oc-d7"/>
      </symbol>
      <symbol id="sm-42d">
         <name>__mspabi_slli_2</name>
         <value>0x69e2</value>
         <object_component_ref idref="oc-d7"/>
      </symbol>
      <symbol id="sm-42e">
         <name>__mspabi_slli_1</name>
         <value>0x69e4</value>
         <object_component_ref idref="oc-d7"/>
      </symbol>
      <symbol id="sm-42f">
         <name>__mspabi_slli_15</name>
         <value>0x69c8</value>
         <object_component_ref idref="oc-d7"/>
      </symbol>
      <symbol id="sm-430">
         <name>__mspabi_slli_14</name>
         <value>0x69ca</value>
         <object_component_ref idref="oc-d7"/>
      </symbol>
      <symbol id="sm-431">
         <name>__mspabi_slli_13</name>
         <value>0x69cc</value>
         <object_component_ref idref="oc-d7"/>
      </symbol>
      <symbol id="sm-432">
         <name>__mspabi_slli_12</name>
         <value>0x69ce</value>
         <object_component_ref idref="oc-d7"/>
      </symbol>
      <symbol id="sm-433">
         <name>__mspabi_slli_11</name>
         <value>0x69d0</value>
         <object_component_ref idref="oc-d7"/>
      </symbol>
      <symbol id="sm-434">
         <name>__mspabi_slli_10</name>
         <value>0x69d2</value>
         <object_component_ref idref="oc-d7"/>
      </symbol>
      <symbol id="sm-444">
         <name>__mspabi_slll_9</name>
         <value>0x6818</value>
         <object_component_ref idref="oc-317"/>
      </symbol>
      <symbol id="sm-445">
         <name>__mspabi_slll_8</name>
         <value>0x681c</value>
         <object_component_ref idref="oc-317"/>
      </symbol>
      <symbol id="sm-446">
         <name>__mspabi_slll_7</name>
         <value>0x6820</value>
         <object_component_ref idref="oc-317"/>
      </symbol>
      <symbol id="sm-447">
         <name>__mspabi_slll_6</name>
         <value>0x6824</value>
         <object_component_ref idref="oc-317"/>
      </symbol>
      <symbol id="sm-448">
         <name>__mspabi_slll_5</name>
         <value>0x6828</value>
         <object_component_ref idref="oc-317"/>
      </symbol>
      <symbol id="sm-449">
         <name>__mspabi_slll_4</name>
         <value>0x682c</value>
         <object_component_ref idref="oc-317"/>
      </symbol>
      <symbol id="sm-44a">
         <name>__mspabi_slll_3</name>
         <value>0x6830</value>
         <object_component_ref idref="oc-317"/>
      </symbol>
      <symbol id="sm-44b">
         <name>__mspabi_slll_2</name>
         <value>0x6834</value>
         <object_component_ref idref="oc-317"/>
      </symbol>
      <symbol id="sm-44c">
         <name>__mspabi_slll_1</name>
         <value>0x6838</value>
         <object_component_ref idref="oc-317"/>
      </symbol>
      <symbol id="sm-44d">
         <name>__mspabi_slll</name>
         <value>0x6b0a</value>
         <object_component_ref idref="oc-2c8"/>
      </symbol>
      <symbol id="sm-44e">
         <name>__mspabi_slll_15</name>
         <value>0x6800</value>
         <object_component_ref idref="oc-317"/>
      </symbol>
      <symbol id="sm-44f">
         <name>__mspabi_slll_14</name>
         <value>0x6804</value>
         <object_component_ref idref="oc-317"/>
      </symbol>
      <symbol id="sm-450">
         <name>__mspabi_slll_13</name>
         <value>0x6808</value>
         <object_component_ref idref="oc-317"/>
      </symbol>
      <symbol id="sm-451">
         <name>__mspabi_slll_12</name>
         <value>0x680c</value>
         <object_component_ref idref="oc-317"/>
      </symbol>
      <symbol id="sm-452">
         <name>__mspabi_slll_11</name>
         <value>0x6810</value>
         <object_component_ref idref="oc-317"/>
      </symbol>
      <symbol id="sm-453">
         <name>__mspabi_slll_10</name>
         <value>0x6814</value>
         <object_component_ref idref="oc-317"/>
      </symbol>
      <symbol id="sm-45b">
         <name>__mspabi_srli_8</name>
         <value>0x6648</value>
         <object_component_ref idref="oc-dc"/>
      </symbol>
      <symbol id="sm-45c">
         <name>__mspabi_srli_9</name>
         <value>0x6644</value>
         <object_component_ref idref="oc-dc"/>
      </symbol>
      <symbol id="sm-45d">
         <name>__mspabi_srli_6</name>
         <value>0x6650</value>
         <object_component_ref idref="oc-dc"/>
      </symbol>
      <symbol id="sm-45e">
         <name>__mspabi_srli_7</name>
         <value>0x664c</value>
         <object_component_ref idref="oc-dc"/>
      </symbol>
      <symbol id="sm-45f">
         <name>__mspabi_srli_4</name>
         <value>0x6658</value>
         <object_component_ref idref="oc-dc"/>
      </symbol>
      <symbol id="sm-460">
         <name>__mspabi_srli_5</name>
         <value>0x6654</value>
         <object_component_ref idref="oc-dc"/>
      </symbol>
      <symbol id="sm-461">
         <name>__mspabi_srli_2</name>
         <value>0x6660</value>
         <object_component_ref idref="oc-dc"/>
      </symbol>
      <symbol id="sm-462">
         <name>__mspabi_srli_3</name>
         <value>0x665c</value>
         <object_component_ref idref="oc-dc"/>
      </symbol>
      <symbol id="sm-463">
         <name>__mspabi_srli_1</name>
         <value>0x6664</value>
         <object_component_ref idref="oc-dc"/>
      </symbol>
      <symbol id="sm-464">
         <name>__mspabi_srli</name>
         <value>0x661e</value>
         <object_component_ref idref="oc-dc"/>
      </symbol>
      <symbol id="sm-465">
         <name>__mspabi_srli_15</name>
         <value>0x662c</value>
         <object_component_ref idref="oc-dc"/>
      </symbol>
      <symbol id="sm-466">
         <name>__mspabi_srli_14</name>
         <value>0x6630</value>
         <object_component_ref idref="oc-dc"/>
      </symbol>
      <symbol id="sm-467">
         <name>__mspabi_srli_13</name>
         <value>0x6634</value>
         <object_component_ref idref="oc-dc"/>
      </symbol>
      <symbol id="sm-468">
         <name>__mspabi_srli_12</name>
         <value>0x6638</value>
         <object_component_ref idref="oc-dc"/>
      </symbol>
      <symbol id="sm-469">
         <name>__mspabi_srli_11</name>
         <value>0x663c</value>
         <object_component_ref idref="oc-dc"/>
      </symbol>
      <symbol id="sm-46a">
         <name>__mspabi_srli_10</name>
         <value>0x6640</value>
         <object_component_ref idref="oc-dc"/>
      </symbol>
      <symbol id="sm-47a">
         <name>__mspabi_srll_8</name>
         <value>0x65ec</value>
         <object_component_ref idref="oc-36d"/>
      </symbol>
      <symbol id="sm-47b">
         <name>__mspabi_srll_9</name>
         <value>0x65e6</value>
         <object_component_ref idref="oc-36d"/>
      </symbol>
      <symbol id="sm-47c">
         <name>__mspabi_srll_6</name>
         <value>0x65f8</value>
         <object_component_ref idref="oc-36d"/>
      </symbol>
      <symbol id="sm-47d">
         <name>__mspabi_srll_7</name>
         <value>0x65f2</value>
         <object_component_ref idref="oc-36d"/>
      </symbol>
      <symbol id="sm-47e">
         <name>__mspabi_srll_4</name>
         <value>0x6604</value>
         <object_component_ref idref="oc-36d"/>
      </symbol>
      <symbol id="sm-47f">
         <name>__mspabi_srll_5</name>
         <value>0x65fe</value>
         <object_component_ref idref="oc-36d"/>
      </symbol>
      <symbol id="sm-480">
         <name>__mspabi_srll_2</name>
         <value>0x6610</value>
         <object_component_ref idref="oc-36d"/>
      </symbol>
      <symbol id="sm-481">
         <name>__mspabi_srll_3</name>
         <value>0x660a</value>
         <object_component_ref idref="oc-36d"/>
      </symbol>
      <symbol id="sm-482">
         <name>__mspabi_srll_1</name>
         <value>0x6616</value>
         <object_component_ref idref="oc-36d"/>
      </symbol>
      <symbol id="sm-483">
         <name>__mspabi_srll_15</name>
         <value>0x65c2</value>
         <object_component_ref idref="oc-36d"/>
      </symbol>
      <symbol id="sm-484">
         <name>__mspabi_srll_14</name>
         <value>0x65c8</value>
         <object_component_ref idref="oc-36d"/>
      </symbol>
      <symbol id="sm-485">
         <name>__mspabi_srll_13</name>
         <value>0x65ce</value>
         <object_component_ref idref="oc-36d"/>
      </symbol>
      <symbol id="sm-486">
         <name>__mspabi_srll_12</name>
         <value>0x65d4</value>
         <object_component_ref idref="oc-36d"/>
      </symbol>
      <symbol id="sm-487">
         <name>__mspabi_srll_11</name>
         <value>0x65da</value>
         <object_component_ref idref="oc-36d"/>
      </symbol>
      <symbol id="sm-488">
         <name>__mspabi_srll_10</name>
         <value>0x65e0</value>
         <object_component_ref idref="oc-36d"/>
      </symbol>
      <symbol id="sm-489">
         <name>__mspabi_srll</name>
         <value>0x6ad6</value>
         <object_component_ref idref="oc-2cd"/>
      </symbol>
      <symbol id="sm-492">
         <name>__mspabi_mpyi_hw</name>
         <value>0x6ab0</value>
         <object_component_ref idref="oc-223"/>
      </symbol>
      <symbol id="sm-49b">
         <name>__mspabi_mpyl_hw</name>
         <value>0x6936</value>
         <object_component_ref idref="oc-372"/>
      </symbol>
      <symbol id="sm-4ad">
         <name>_stack</name>
         <value>0x9b0</value>
         <object_component_ref idref="oc-d3"/>
      </symbol>
      <symbol id="sm-4ae">
         <name>_c_int00_noargs</name>
         <value>0x6a3c</value>
         <object_component_ref idref="oc-127"/>
      </symbol>
      <symbol id="sm-4af">
         <name>_reset_vector</name>
         <value>0xfffe</value>
         <object_component_ref idref="oc-d6"/>
      </symbol>
      <symbol id="sm-4d1">
         <name>__TI_auto_init_nobinit_nopinit</name>
         <value>0x6740</value>
         <object_component_ref idref="oc-272"/>
      </symbol>
      <symbol id="sm-4e9">
         <name>__TI_zero_init_nomemset</name>
         <value>0x6a9c</value>
         <object_component_ref idref="oc-115"/>
      </symbol>
      <symbol id="sm-4f5">
         <name>_system_pre_init</name>
         <value>0x6b52</value>
         <object_component_ref idref="oc-1ca"/>
      </symbol>
      <symbol id="sm-4fe">
         <name>_system_post_cinit</name>
         <value>0x6b56</value>
         <object_component_ref idref="oc-348"/>
      </symbol>
      <symbol id="sm-514">
         <name>__TI_decompress_none</name>
         <value>0x6ac4</value>
         <object_component_ref idref="oc-38"/>
      </symbol>
      <symbol id="sm-537">
         <name>__TI_decompress_lzss</name>
         <value>0x6406</value>
         <object_component_ref idref="oc-32"/>
      </symbol>
      <symbol id="sm-54f">
         <name>__mspabi_cvtdf</name>
         <value>0x637a</value>
         <object_component_ref idref="oc-20d"/>
      </symbol>
      <symbol id="sm-576">
         <name>__mspabi_addd</name>
         <value>0x49de</value>
         <object_component_ref idref="oc-207"/>
      </symbol>
      <symbol id="sm-590">
         <name>__mspabi_cmpd</name>
         <value>0x5f48</value>
         <object_component_ref idref="oc-2fc"/>
      </symbol>
      <symbol id="sm-5a1">
         <name>__mspabi_cvtfd</name>
         <value>0x6482</value>
         <object_component_ref idref="oc-1f5"/>
      </symbol>
      <symbol id="sm-5c2">
         <name>__mspabi_divd</name>
         <value>0x5966</value>
         <object_component_ref idref="oc-1fb"/>
      </symbol>
      <symbol id="sm-5d9">
         <name>__mspabi_fltlid</name>
         <value>0x61a6</value>
         <object_component_ref idref="oc-2f0"/>
      </symbol>
      <symbol id="sm-5fa">
         <name>__TI_frcaddd</name>
         <value>0x54c4</value>
         <object_component_ref idref="oc-30f"/>
      </symbol>
      <symbol id="sm-615">
         <name>__TI_frcdivd</name>
         <value>0x4566</value>
         <object_component_ref idref="oc-2b6"/>
      </symbol>
      <symbol id="sm-637">
         <name>__mspabi_mpyd</name>
         <value>0x5256</value>
         <object_component_ref idref="oc-2e1"/>
      </symbol>
      <symbol id="sm-640">
         <name>__mspabi_negd</name>
         <value>0x6a12</value>
         <object_component_ref idref="oc-2d8"/>
      </symbol>
      <symbol id="sm-653">
         <name>__TI_renormd</name>
         <value>0x60e8</value>
         <object_component_ref idref="oc-3a9"/>
      </symbol>
      <symbol id="sm-65c">
         <name>__mspabi_subd</name>
         <value>0x68da</value>
         <object_component_ref idref="oc-2ea"/>
      </symbol>
      <symbol id="sm-666">
         <name>C$$EXIT</name>
         <value>0x6b4c</value>
         <object_component_ref idref="oc-266"/>
      </symbol>
      <symbol id="sm-667">
         <name>abort</name>
         <value>0x6b4c</value>
         <object_component_ref idref="oc-266"/>
      </symbol>
      <symbol id="sm-677">
         <name>memcpy</name>
         <value>0x6ae8</value>
         <object_component_ref idref="oc-f1"/>
      </symbol>
      <symbol id="sm-681">
         <name>abs</name>
         <value>0x6b2a</value>
         <object_component_ref idref="oc-25f"/>
      </symbol>
      <symbol id="sm-688">
         <name>errno</name>
         <value>0x2b6</value>
         <object_component_ref idref="oc-2de"/>
      </symbol>
      <symbol id="sm-691">
         <name>copysign</name>
         <value>0x6908</value>
         <object_component_ref idref="oc-395"/>
      </symbol>
      <symbol id="sm-692">
         <name>copysignl</name>
         <value>0x6908</value>
         <object_component_ref idref="oc-395"/>
      </symbol>
      <symbol id="sm-6a4">
         <name>__TI_frcmpyd</name>
         <value>0x4fd0</value>
         <object_component_ref idref="oc-383"/>
      </symbol>
   </symbol_table>
   <title>Link successful</title>
</link_info>
