******************************************************************************
                  MSP430 Linker PC v20.2.2                     
******************************************************************************
>> Linked Tue Oct 13 09:47:41 2020

OUTPUT FILE NAME:   <climbCar.out>
ENTRY POINT SYMBOL: "_c_int00_noargs"  address: 00002928


MEMORY CONFIGURATION

         name            origin    length      used     unused   attr    fill
----------------------  --------  ---------  --------  --------  ----  --------
  SFR                   00000000   00000010  00000000  00000010  RWIX
  PERIPHERALS_8BIT      00000010   000000f0  00000000  000000f0  RWIX
  PERIPHERALS_16BIT     00000100   00000100  00000000  00000100  RWIX
  RAM                   00000200   00000800  000000a9  00000757  RWIX
  INFOB                 00001000   00000080  00000000  00000080  RWIX
  INFOA                 00001080   00000080  00000000  00000080  RWIX
  FLASH                 00001100   0000eee0  00002468  0000ca78  RWIX
  INT00                 0000ffe0   00000002  00000000  00000002  RWIX
  INT01                 0000ffe2   00000002  00000002  00000000  RWIX
  INT02                 0000ffe4   00000002  00000002  00000000  RWIX
  INT03                 0000ffe6   00000002  00000002  00000000  RWIX
  INT04                 0000ffe8   00000002  00000002  00000000  RWIX
  INT05                 0000ffea   00000002  00000002  00000000  RWIX
  INT06                 0000ffec   00000002  00000002  00000000  RWIX
  INT07                 0000ffee   00000002  00000002  00000000  RWIX
  INT08                 0000fff0   00000002  00000002  00000000  RWIX
  INT09                 0000fff2   00000002  00000002  00000000  RWIX
  INT10                 0000fff4   00000002  00000002  00000000  RWIX
  INT11                 0000fff6   00000002  00000002  00000000  RWIX
  INT12                 0000fff8   00000002  00000002  00000000  RWIX
  INT13                 0000fffa   00000002  00000002  00000000  RWIX
  INT14                 0000fffc   00000002  00000002  00000000  RWIX
  RESET                 0000fffe   00000002  00000002  00000000  RWIX


SECTION ALLOCATION MAP

 output                                  attributes/
section   page    origin      length       input sections
--------  ----  ----------  ----------   ----------------
.data      0    00000200    00000058     UNINITIALIZED
                  00000200    00000058     main.obj (.data)

.bss       0    00000258    00000001     UNINITIALIZED
                  00000258    00000001     (.common:currentKey)

.stack     0    000009b0    00000050     UNINITIALIZED
                  000009b0    00000002     rts430_eabi.lib : boot.c.obj (.stack)
                  000009b2    0000004e     --HOLE--

.text      0    00001100    00001912     
                  00001100    0000092a     main.obj (.text:Timer_A)
                  00001a2a    0000023e     main.obj (.text:stepCCW)
                  00001c68    0000022e     main.obj (.text:stepCW)
                  00001e96    0000022c     main.obj (.text:main)
                  000020c2    00000132     rts430_eabi.lib : fs_add.asm.obj (.text)
                  000021f4    0000010e     oled.obj (.text:OLED_Init)
                  00002302    000000c4     rts430_eabi.lib : fs_mpy.asm.obj (.text)
                  000023c6    00000096     oled.obj (.text:OLED_ShowChar)
                  0000245c    00000092     oled.obj (.text:OLED_ShowNum)
                  000024ee    0000007c     rts430_eabi.lib : copy_decompress_lzss.c.obj (.text:decompress:lzss:__TI_decompress_lzss)
                  0000256a    00000068     oled.obj (.text:OLED_ShowChinese)
                  000025d2    00000068     rts430_eabi.lib : fs_toi.asm.obj (.text)
                  0000263a    0000004c                     : lsr16.asm.obj (.text)
                  00002686    0000004a                     : fs_cmp.asm.obj (.text)
                  000026d0    00000046     oled.obj (.text:OLED_WR_Byte)
                  00002716    00000046     rts430_eabi.lib : fs_tou.asm.obj (.text)
                  0000275c    00000042                     : autoinit.c.obj (.text:__TI_auto_init_nobinit_nopinit:__TI_auto_init_nobinit_nopinit)
                  0000279e    00000040     oled.obj (.text:OLED_Clear)
                  000027de    00000038     oled.obj (.text:OLED_ShowString)
                  00002816    00000036     rts430_eabi.lib : fs_itof.asm.obj (.text)
                  0000284c    0000002e     encoder.obj (.text:Port_1)
                  0000287a    0000002c     rts430_eabi.lib : asr16.asm.obj (.text)
                  000028a6    0000002c                     : div16s.asm.obj (.text)
                  000028d2    0000002c                     : lsl16.asm.obj (.text)
                  000028fe    0000002a     oled.obj (.text:OLED_Set_Pos)
                  00002928    0000001c     rts430_eabi.lib : boot.c.obj (.text:_c_int00_noargs)
                  00002944    00000018     oled.obj (.text:oled_pow)
                  0000295c    00000016     encoder.obj (.text:encoderInit)
                  00002972    00000016     rts430_eabi.lib : div16u.asm.obj (.text)
                  00002988    00000014                     : copy_zero_init.c.obj (.text:decompress:ZI:__TI_zero_init_nomemset:__TI_zero_init_nomemset)
                  0000299c    00000014                     : mult16_hw.asm.obj (.text)
                  000029b0    00000012                     : copy_decompress_none.c.obj (.text:decompress:none:__TI_decompress_none)
                  000029c2    00000012                     : memcpy.c.obj (.text:memcpy)
                  000029d4    00000010                     : epilog.asm.obj (.text)
                  000029e4    0000000a                     : abs.c.obj (.text:abs)
                  000029ee    0000000a                     : fs_neg.asm.obj (.text)
                  000029f8    00000008                     : isr_trap.asm.obj (.text:_isr:__TI_ISR_TRAP)
                  00002a00    00000006     main.obj (.text:UART0_RXISR)
                  00002a06    00000006     rts430_eabi.lib : exit.c.obj (.text:abort)
                  00002a0c    00000004                     : pre_init.c.obj (.text:_system_pre_init)
                  00002a10    00000002                     : startup.c.obj (.text:_system_post_cinit)

.const     0    00002a12    00000b10     
                  00002a12    000005f0     oled.obj (.const:.string:F8X16)
                  00003002    000002c0     oled.obj (.const:Hzk)
                  000032c2    00000228     oled.obj (.const:.string:F6x8)
                  000034ea    00000038     main.obj (.const:.string)

.cinit     0    00003522    00000046     
                  00003522    00000033     (.cinit..data.load) [load image, compression = lzss]
                  00003555    00000001     --HOLE-- [fill = 0]
                  00003556    00000006     (__TI_handler_table)
                  0000355c    00000004     (.cinit..bss.load) [load image, compression = zero_init]
                  00003560    00000008     (__TI_cinit_table)

.binit     0    00001100    00000000     

.init_array 
*          0    00001100    00000000     UNINITIALIZED

PORT2      0    0000ffe2    00000002     
                  0000ffe2    00000002     rts430_eabi.lib : int01.asm.obj (.int01)

USART1TX   0    0000ffe4    00000002     
                  0000ffe4    00000002     rts430_eabi.lib : int02.asm.obj (.int02)

USART1RX   0    0000ffe6    00000002     
                  0000ffe6    00000002     rts430_eabi.lib : int03.asm.obj (.int03)

PORT1      0    0000ffe8    00000002     
                  0000ffe8    00000002     encoder.obj (.int04)

TIMERA1    0    0000ffea    00000002     
                  0000ffea    00000002     rts430_eabi.lib : int05.asm.obj (.int05)

TIMERA0    0    0000ffec    00000002     
                  0000ffec    00000002     main.obj (.int06)

ADC12      0    0000ffee    00000002     
                  0000ffee    00000002     rts430_eabi.lib : int07.asm.obj (.int07)

USART0TX   0    0000fff0    00000002     
                  0000fff0    00000002     rts430_eabi.lib : int08.asm.obj (.int08)

USART0RX   0    0000fff2    00000002     
                  0000fff2    00000002     main.obj (.int09)

WDT        0    0000fff4    00000002     
                  0000fff4    00000002     rts430_eabi.lib : int10.asm.obj (.int10)

COMPARATORA 
*          0    0000fff6    00000002     
                  0000fff6    00000002     rts430_eabi.lib : int11.asm.obj (.int11)

TIMERB1    0    0000fff8    00000002     
                  0000fff8    00000002     rts430_eabi.lib : int12.asm.obj (.int12)

TIMERB0    0    0000fffa    00000002     
                  0000fffa    00000002     rts430_eabi.lib : int13.asm.obj (.int13)

NMI        0    0000fffc    00000002     
                  0000fffc    00000002     rts430_eabi.lib : int14.asm.obj (.int14)

.reset     0    0000fffe    00000002     
                  0000fffe    00000002     rts430_eabi.lib : boot.c.obj (.reset)

MODULE SUMMARY

       Module                       code   ro data   rw data
       ------                       ----   -------   -------
    .\
       main.obj                     4040   60        89     
       oled.obj                     926    2776      0      
       encoder.obj                  68     2         0      
    +--+----------------------------+------+---------+---------+
       Total:                       5034   2838      89     
                                                            
    C:\ti\ccs1011\ccs\tools\compiler\ti-cgt-msp430_20.2.2.LTS\lib\rts430_eabi.lib
       fs_add.asm.obj               306    0         0      
       fs_mpy.asm.obj               196    0         0      
       copy_decompress_lzss.c.obj   124    0         0      
       fs_toi.asm.obj               104    0         0      
       lsr16.asm.obj                76     0         0      
       fs_cmp.asm.obj               74     0         0      
       fs_tou.asm.obj               70     0         0      
       autoinit.c.obj               66     0         0      
       fs_itof.asm.obj              54     0         0      
       asr16.asm.obj                44     0         0      
       div16s.asm.obj               44     0         0      
       lsl16.asm.obj                44     0         0      
       boot.c.obj                   28     2         0      
       div16u.asm.obj               22     0         0      
       copy_zero_init.c.obj         20     0         0      
       mult16_hw.asm.obj            20     0         0      
       copy_decompress_none.c.obj   18     0         0      
       memcpy.c.obj                 18     0         0      
       epilog.asm.obj               16     0         0      
       abs.c.obj                    10     0         0      
       fs_neg.asm.obj               10     0         0      
       isr_trap.asm.obj             8      0         0      
       exit.c.obj                   6      0         0      
       pre_init.c.obj               4      0         0      
       int01.asm.obj                0      2         0      
       int02.asm.obj                0      2         0      
       int03.asm.obj                0      2         0      
       int05.asm.obj                0      2         0      
       int07.asm.obj                0      2         0      
       int08.asm.obj                0      2         0      
       int10.asm.obj                0      2         0      
       int11.asm.obj                0      2         0      
       int12.asm.obj                0      2         0      
       int13.asm.obj                0      2         0      
       int14.asm.obj                0      2         0      
       startup.c.obj                2      0         0      
    +--+----------------------------+------+---------+---------+
       Total:                       1384   24        0      
                                                            
       Stack:                       0      0         80     
       Linker Generated:            0      69        0      
    +--+----------------------------+------+---------+---------+
       Grand Total:                 6418   2931      169    


LINKER GENERATED COPY TABLES

__TI_cinit_table @ 00003560 records: 2, size/record: 4, table size: 8
	.data: load addr=00003522, load size=00000033 bytes, run addr=00000200, run size=00000058 bytes, compression=lzss
	.bss: load addr=0000355c, load size=00000004 bytes, run addr=00000258, run size=00000001 bytes, compression=zero_init


LINKER GENERATED HANDLER TABLE

__TI_handler_table @ 00003556 records: 3, size/record: 2, table size: 6
	index: 0, handler: __TI_zero_init
	index: 1, handler: __TI_decompress_lzss
	index: 2, handler: __TI_decompress_none


GLOBAL SYMBOLS: SORTED ALPHABETICALLY BY Name 

address   name                          
-------   ----                          
000001a0  ADC12CTL0                     
000001a2  ADC12CTL1                     
000001a6  ADC12IE                       
000001a4  ADC12IFG                      
000001a8  ADC12IV                       
00000080  ADC12MCTL0                    
00000081  ADC12MCTL1                    
0000008a  ADC12MCTL10                   
0000008b  ADC12MCTL11                   
0000008c  ADC12MCTL12                   
0000008d  ADC12MCTL13                   
0000008e  ADC12MCTL14                   
0000008f  ADC12MCTL15                   
00000082  ADC12MCTL2                    
00000083  ADC12MCTL3                    
00000084  ADC12MCTL4                    
00000085  ADC12MCTL5                    
00000086  ADC12MCTL6                    
00000087  ADC12MCTL7                    
00000088  ADC12MCTL8                    
00000089  ADC12MCTL9                    
00000140  ADC12MEM0                     
00000142  ADC12MEM1                     
00000154  ADC12MEM10                    
00000156  ADC12MEM11                    
00000158  ADC12MEM12                    
0000015a  ADC12MEM13                    
0000015c  ADC12MEM14                    
0000015e  ADC12MEM15                    
00000144  ADC12MEM2                     
00000146  ADC12MEM3                     
00000148  ADC12MEM4                     
0000014a  ADC12MEM5                     
0000014c  ADC12MEM6                     
0000014e  ADC12MEM7                     
00000150  ADC12MEM8                     
00000152  ADC12MEM9                     
00000057  BCSCTL1                       
00000058  BCSCTL2                       
00002a06  C$$EXIT                       
00000059  CACTL1                        
0000005a  CACTL2                        
0000005b  CAPD                          
00000202  CCW                           
00000204  CW                            
00000056  DCOCTL                        
00000240  ETA                           
000032c2  F6x8                          
00002a12  F8X16                         
00000128  FCTL1                         
0000012a  FCTL2                         
0000012c  FCTL3                         
00003002  Hzk                           
00000000  IE1                           
00000001  IE2                           
00000002  IFG1                          
00000003  IFG2                          
00000134  MAC                           
00000136  MACS                          
00000004  ME1                           
00000005  ME2                           
00000130  MPY                           
00000132  MPYS                          
0000279e  OLED_Clear                    
000021f4  OLED_Init                     
000028fe  OLED_Set_Pos                  
000023c6  OLED_ShowChar                 
0000256a  OLED_ShowChinese              
0000245c  OLED_ShowNum                  
000027de  OLED_ShowString               
000026d0  OLED_WR_Byte                  
00000138  OP2                           
00000022  P1DIR                         
00000025  P1IE                          
00000024  P1IES                         
00000023  P1IFG                         
00000020  P1IN                          
00000021  P1OUT                         
00000026  P1SEL                         
0000002a  P2DIR                         
0000002d  P2IE                          
0000002c  P2IES                         
0000002b  P2IFG                         
00000028  P2IN                          
00000029  P2OUT                         
0000002e  P2SEL                         
0000001a  P3DIR                         
00000018  P3IN                          
00000019  P3OUT                         
0000001b  P3SEL                         
0000001e  P4DIR                         
0000001c  P4IN                          
0000001d  P4OUT                         
0000001f  P4SEL                         
00000032  P5DIR                         
00000030  P5IN                          
00000031  P5OUT                         
00000033  P5SEL                         
00000036  P6DIR                         
00000034  P6IN                          
00000035  P6OUT                         
00000037  P6SEL                         
0000284c  Port_1                        
00000244  R                             
0000013c  RESHI                         
0000013a  RESLO                         
0000013e  SUMEXT                        
00000172  TACCR0                        
00000174  TACCR1                        
00000176  TACCR2                        
00000162  TACCTL0                       
00000164  TACCTL1                       
00000166  TACCTL2                       
00000160  TACTL                         
0000012e  TAIV                          
00000170  TAR                           
00000192  TBCCR0                        
00000194  TBCCR1                        
00000196  TBCCR2                        
00000198  TBCCR3                        
0000019a  TBCCR4                        
0000019c  TBCCR5                        
0000019e  TBCCR6                        
00000182  TBCCTL0                       
00000184  TBCCTL1                       
00000186  TBCCTL2                       
00000188  TBCCTL3                       
0000018a  TBCCTL4                       
0000018c  TBCCTL5                       
0000018e  TBCCTL6                       
00000180  TBCTL                         
0000011e  TBIV                          
00000190  TBR                           
00001100  Timer_A                       
00000074  U0BR0                         
00000075  U0BR1                         
00000070  U0CTL                         
00000073  U0MCTL                        
00000072  U0RCTL                        
00000076  U0RXBUF                       
00000071  U0TCTL                        
00000077  U0TXBUF                       
0000007c  U1BR0                         
0000007d  U1BR1                         
00000078  U1CTL                         
0000007b  U1MCTL                        
0000007a  U1RCTL                        
0000007e  U1RXBUF                       
00000079  U1TCTL                        
0000007f  U1TXBUF                       
00002a00  UART0_RXISR                   
00000120  WDTCTL                        
00000a00  __STACK_END                   
00000050  __STACK_SIZE                  
00003560  __TI_CINIT_Base               
00003568  __TI_CINIT_Limit              
00003556  __TI_Handler_Table_Base       
0000355c  __TI_Handler_Table_Limit      
000029f8  __TI_ISR_TRAP                 
0000275c  __TI_auto_init_nobinit_nopinit
000024ee  __TI_decompress_lzss          
000029b0  __TI_decompress_none          
0000ffe2  __TI_int01                    
0000ffe4  __TI_int02                    
0000ffe6  __TI_int03                    
0000ffe8  __TI_int04                    
0000ffea  __TI_int05                    
0000ffec  __TI_int06                    
0000ffee  __TI_int07                    
0000fff0  __TI_int08                    
0000fff2  __TI_int09                    
0000fff4  __TI_int10                    
0000fff6  __TI_int11                    
0000fff8  __TI_int12                    
0000fffa  __TI_int13                    
0000fffc  __TI_int14                    
ffffffff  __TI_pprof_out_hndl           
ffffffff  __TI_prof_data_size           
ffffffff  __TI_prof_data_start          
00002988  __TI_zero_init_nomemset       
ffffffff  __c_args__                    
000020c8  __mspabi_addf                 
00002686  __mspabi_cmpf                 
000028a6  __mspabi_divi                 
00002972  __mspabi_divu                 
000025d2  __mspabi_fixfi                
00002716  __mspabi_fixfu                
00002816  __mspabi_fltif                
000029e0  __mspabi_func_epilog_1        
000029de  __mspabi_func_epilog_2        
000029dc  __mspabi_func_epilog_3        
000029da  __mspabi_func_epilog_4        
000029d8  __mspabi_func_epilog_5        
000029d6  __mspabi_func_epilog_6        
000029d4  __mspabi_func_epilog_7        
00002302  __mspabi_mpyf                 
0000299c  __mspabi_mpyi_hw              
000029ee  __mspabi_negf                 
000028a6  __mspabi_remi                 
00002972  __mspabi_remu                 
000028d2  __mspabi_slli                 
000028fa  __mspabi_slli_1               
000028e8  __mspabi_slli_10              
000028e6  __mspabi_slli_11              
000028e4  __mspabi_slli_12              
000028e2  __mspabi_slli_13              
000028e0  __mspabi_slli_14              
000028de  __mspabi_slli_15              
000028f8  __mspabi_slli_2               
000028f6  __mspabi_slli_3               
000028f4  __mspabi_slli_4               
000028f2  __mspabi_slli_5               
000028f0  __mspabi_slli_6               
000028ee  __mspabi_slli_7               
000028ec  __mspabi_slli_8               
000028ea  __mspabi_slli_9               
0000287a  __mspabi_srai                 
000028a2  __mspabi_srai_1               
00002890  __mspabi_srai_10              
0000288e  __mspabi_srai_11              
0000288c  __mspabi_srai_12              
0000288a  __mspabi_srai_13              
00002888  __mspabi_srai_14              
00002886  __mspabi_srai_15              
000028a0  __mspabi_srai_2               
0000289e  __mspabi_srai_3               
0000289c  __mspabi_srai_4               
0000289a  __mspabi_srai_5               
00002898  __mspabi_srai_6               
00002896  __mspabi_srai_7               
00002894  __mspabi_srai_8               
00002892  __mspabi_srai_9               
0000263a  __mspabi_srli                 
00002680  __mspabi_srli_1               
0000265c  __mspabi_srli_10              
00002658  __mspabi_srli_11              
00002654  __mspabi_srli_12              
00002650  __mspabi_srli_13              
0000264c  __mspabi_srli_14              
00002648  __mspabi_srli_15              
0000267c  __mspabi_srli_2               
00002678  __mspabi_srli_3               
00002674  __mspabi_srli_4               
00002670  __mspabi_srli_5               
0000266c  __mspabi_srli_6               
00002668  __mspabi_srli_7               
00002664  __mspabi_srli_8               
00002660  __mspabi_srli_9               
000020c2  __mspabi_subf                 
00002928  _c_int00_noargs               
0000fffe  _reset_vector                 
000009b0  _stack                        
00002a10  _system_post_cinit            
00002a0c  _system_pre_init              
00002a06  abort                         
000029e4  abs                           
00000258  currentKey                    
00000252  dMod                          
00000238  dOut                          
00000256  edit                          
0000295c  encoderInit                   
00000224  err                           
00000200  flag                          
0000023c  iLimit                        
00000234  iOut                          
0000024a  inited                        
00000220  kd                            
00000248  keyChanging                   
0000021c  ki                            
00000218  kp                            
00000228  lastErr                       
00001e96  main                          
000029c2  memcpy                        
0000020c  motor                         
00002944  oled_pow                      
00000206  p                             
00000230  pOut                          
0000024c  running                       
00000250  select                        
00000208  servo                         
00000214  setSpeed                      
00000210  speed                         
0000020e  speedLimit                    
00001a2a  stepCCW                       
00001c68  stepCW                        
0000022c  sumErr                        
0000024e  updateRequest                 


GLOBAL SYMBOLS: SORTED BY Symbol Address 

address   name                          
-------   ----                          
00000000  IE1                           
00000001  IE2                           
00000002  IFG1                          
00000003  IFG2                          
00000004  ME1                           
00000005  ME2                           
00000018  P3IN                          
00000019  P3OUT                         
0000001a  P3DIR                         
0000001b  P3SEL                         
0000001c  P4IN                          
0000001d  P4OUT                         
0000001e  P4DIR                         
0000001f  P4SEL                         
00000020  P1IN                          
00000021  P1OUT                         
00000022  P1DIR                         
00000023  P1IFG                         
00000024  P1IES                         
00000025  P1IE                          
00000026  P1SEL                         
00000028  P2IN                          
00000029  P2OUT                         
0000002a  P2DIR                         
0000002b  P2IFG                         
0000002c  P2IES                         
0000002d  P2IE                          
0000002e  P2SEL                         
00000030  P5IN                          
00000031  P5OUT                         
00000032  P5DIR                         
00000033  P5SEL                         
00000034  P6IN                          
00000035  P6OUT                         
00000036  P6DIR                         
00000037  P6SEL                         
00000050  __STACK_SIZE                  
00000056  DCOCTL                        
00000057  BCSCTL1                       
00000058  BCSCTL2                       
00000059  CACTL1                        
0000005a  CACTL2                        
0000005b  CAPD                          
00000070  U0CTL                         
00000071  U0TCTL                        
00000072  U0RCTL                        
00000073  U0MCTL                        
00000074  U0BR0                         
00000075  U0BR1                         
00000076  U0RXBUF                       
00000077  U0TXBUF                       
00000078  U1CTL                         
00000079  U1TCTL                        
0000007a  U1RCTL                        
0000007b  U1MCTL                        
0000007c  U1BR0                         
0000007d  U1BR1                         
0000007e  U1RXBUF                       
0000007f  U1TXBUF                       
00000080  ADC12MCTL0                    
00000081  ADC12MCTL1                    
00000082  ADC12MCTL2                    
00000083  ADC12MCTL3                    
00000084  ADC12MCTL4                    
00000085  ADC12MCTL5                    
00000086  ADC12MCTL6                    
00000087  ADC12MCTL7                    
00000088  ADC12MCTL8                    
00000089  ADC12MCTL9                    
0000008a  ADC12MCTL10                   
0000008b  ADC12MCTL11                   
0000008c  ADC12MCTL12                   
0000008d  ADC12MCTL13                   
0000008e  ADC12MCTL14                   
0000008f  ADC12MCTL15                   
0000011e  TBIV                          
00000120  WDTCTL                        
00000128  FCTL1                         
0000012a  FCTL2                         
0000012c  FCTL3                         
0000012e  TAIV                          
00000130  MPY                           
00000132  MPYS                          
00000134  MAC                           
00000136  MACS                          
00000138  OP2                           
0000013a  RESLO                         
0000013c  RESHI                         
0000013e  SUMEXT                        
00000140  ADC12MEM0                     
00000142  ADC12MEM1                     
00000144  ADC12MEM2                     
00000146  ADC12MEM3                     
00000148  ADC12MEM4                     
0000014a  ADC12MEM5                     
0000014c  ADC12MEM6                     
0000014e  ADC12MEM7                     
00000150  ADC12MEM8                     
00000152  ADC12MEM9                     
00000154  ADC12MEM10                    
00000156  ADC12MEM11                    
00000158  ADC12MEM12                    
0000015a  ADC12MEM13                    
0000015c  ADC12MEM14                    
0000015e  ADC12MEM15                    
00000160  TACTL                         
00000162  TACCTL0                       
00000164  TACCTL1                       
00000166  TACCTL2                       
00000170  TAR                           
00000172  TACCR0                        
00000174  TACCR1                        
00000176  TACCR2                        
00000180  TBCTL                         
00000182  TBCCTL0                       
00000184  TBCCTL1                       
00000186  TBCCTL2                       
00000188  TBCCTL3                       
0000018a  TBCCTL4                       
0000018c  TBCCTL5                       
0000018e  TBCCTL6                       
00000190  TBR                           
00000192  TBCCR0                        
00000194  TBCCR1                        
00000196  TBCCR2                        
00000198  TBCCR3                        
0000019a  TBCCR4                        
0000019c  TBCCR5                        
0000019e  TBCCR6                        
000001a0  ADC12CTL0                     
000001a2  ADC12CTL1                     
000001a4  ADC12IFG                      
000001a6  ADC12IE                       
000001a8  ADC12IV                       
00000200  flag                          
00000202  CCW                           
00000204  CW                            
00000206  p                             
00000208  servo                         
0000020c  motor                         
0000020e  speedLimit                    
00000210  speed                         
00000214  setSpeed                      
00000218  kp                            
0000021c  ki                            
00000220  kd                            
00000224  err                           
00000228  lastErr                       
0000022c  sumErr                        
00000230  pOut                          
00000234  iOut                          
00000238  dOut                          
0000023c  iLimit                        
00000240  ETA                           
00000244  R                             
00000248  keyChanging                   
0000024a  inited                        
0000024c  running                       
0000024e  updateRequest                 
00000250  select                        
00000252  dMod                          
00000256  edit                          
00000258  currentKey                    
000009b0  _stack                        
00000a00  __STACK_END                   
00001100  Timer_A                       
00001a2a  stepCCW                       
00001c68  stepCW                        
00001e96  main                          
000020c2  __mspabi_subf                 
000020c8  __mspabi_addf                 
000021f4  OLED_Init                     
00002302  __mspabi_mpyf                 
000023c6  OLED_ShowChar                 
0000245c  OLED_ShowNum                  
000024ee  __TI_decompress_lzss          
0000256a  OLED_ShowChinese              
000025d2  __mspabi_fixfi                
0000263a  __mspabi_srli                 
00002648  __mspabi_srli_15              
0000264c  __mspabi_srli_14              
00002650  __mspabi_srli_13              
00002654  __mspabi_srli_12              
00002658  __mspabi_srli_11              
0000265c  __mspabi_srli_10              
00002660  __mspabi_srli_9               
00002664  __mspabi_srli_8               
00002668  __mspabi_srli_7               
0000266c  __mspabi_srli_6               
00002670  __mspabi_srli_5               
00002674  __mspabi_srli_4               
00002678  __mspabi_srli_3               
0000267c  __mspabi_srli_2               
00002680  __mspabi_srli_1               
00002686  __mspabi_cmpf                 
000026d0  OLED_WR_Byte                  
00002716  __mspabi_fixfu                
0000275c  __TI_auto_init_nobinit_nopinit
0000279e  OLED_Clear                    
000027de  OLED_ShowString               
00002816  __mspabi_fltif                
0000284c  Port_1                        
0000287a  __mspabi_srai                 
00002886  __mspabi_srai_15              
00002888  __mspabi_srai_14              
0000288a  __mspabi_srai_13              
0000288c  __mspabi_srai_12              
0000288e  __mspabi_srai_11              
00002890  __mspabi_srai_10              
00002892  __mspabi_srai_9               
00002894  __mspabi_srai_8               
00002896  __mspabi_srai_7               
00002898  __mspabi_srai_6               
0000289a  __mspabi_srai_5               
0000289c  __mspabi_srai_4               
0000289e  __mspabi_srai_3               
000028a0  __mspabi_srai_2               
000028a2  __mspabi_srai_1               
000028a6  __mspabi_divi                 
000028a6  __mspabi_remi                 
000028d2  __mspabi_slli                 
000028de  __mspabi_slli_15              
000028e0  __mspabi_slli_14              
000028e2  __mspabi_slli_13              
000028e4  __mspabi_slli_12              
000028e6  __mspabi_slli_11              
000028e8  __mspabi_slli_10              
000028ea  __mspabi_slli_9               
000028ec  __mspabi_slli_8               
000028ee  __mspabi_slli_7               
000028f0  __mspabi_slli_6               
000028f2  __mspabi_slli_5               
000028f4  __mspabi_slli_4               
000028f6  __mspabi_slli_3               
000028f8  __mspabi_slli_2               
000028fa  __mspabi_slli_1               
000028fe  OLED_Set_Pos                  
00002928  _c_int00_noargs               
00002944  oled_pow                      
0000295c  encoderInit                   
00002972  __mspabi_divu                 
00002972  __mspabi_remu                 
00002988  __TI_zero_init_nomemset       
0000299c  __mspabi_mpyi_hw              
000029b0  __TI_decompress_none          
000029c2  memcpy                        
000029d4  __mspabi_func_epilog_7        
000029d6  __mspabi_func_epilog_6        
000029d8  __mspabi_func_epilog_5        
000029da  __mspabi_func_epilog_4        
000029dc  __mspabi_func_epilog_3        
000029de  __mspabi_func_epilog_2        
000029e0  __mspabi_func_epilog_1        
000029e4  abs                           
000029ee  __mspabi_negf                 
000029f8  __TI_ISR_TRAP                 
00002a00  UART0_RXISR                   
00002a06  C$$EXIT                       
00002a06  abort                         
00002a0c  _system_pre_init              
00002a10  _system_post_cinit            
00002a12  F8X16                         
00003002  Hzk                           
000032c2  F6x8                          
00003556  __TI_Handler_Table_Base       
0000355c  __TI_Handler_Table_Limit      
00003560  __TI_CINIT_Base               
00003568  __TI_CINIT_Limit              
0000ffe2  __TI_int01                    
0000ffe4  __TI_int02                    
0000ffe6  __TI_int03                    
0000ffe8  __TI_int04                    
0000ffea  __TI_int05                    
0000ffec  __TI_int06                    
0000ffee  __TI_int07                    
0000fff0  __TI_int08                    
0000fff2  __TI_int09                    
0000fff4  __TI_int10                    
0000fff6  __TI_int11                    
0000fff8  __TI_int12                    
0000fffa  __TI_int13                    
0000fffc  __TI_int14                    
0000fffe  _reset_vector                 
ffffffff  __TI_pprof_out_hndl           
ffffffff  __TI_prof_data_size           
ffffffff  __TI_prof_data_start          
ffffffff  __c_args__                    

[287 symbols]
